<html>
<body>
<pre>
<h1>µVision Build Log</h1>
<h2>Project:</h2>
C:\Users\behringer1\Desktop\ChillerMonitorRev18\MDK\Chiller_Monitor.uvproj
Project File Date:  10/20/2016

<h2>Output:</h2>
Build target 'Chiller_Monitor'
compiling Display.c...
compiling IO_Process.c...
compiling Tempra_AD.c...
compiling main.c...
APP\main.c(63): warning:  #111-D: statement is unreachable
        return 0;
APP\main.c: 1 warning, 0 errors
linking...
Program Size: Code=16478 RO-data=1014 RW-data=500 ZI-data=4452  
FromELF: creating hex file...
".\Output\Chiller_Monitor.axf" - 0 Error(s), 1 Warning(s).
</pre>
</body>
</html>
r(s), 1 Warning(s).
compiling main.c...
APP\main.c(63): warning:  #111-D: statement is unreachable
        return 0;
APP\main.c: 1 warning, 0 errors
"APP\main.c" - 0 Error(s), 1 Warning(s).
