ARM Linker, 5.03 [Build 76] [MDK-ARM Standard]

==============================================================================

Section Cross References

    startup_stm32f10x_hd.o(STACK) refers (Special) to heapauxi.o(.text) for __use_two_region_memory
    startup_stm32f10x_hd.o(HEAP) refers (Special) to heapauxi.o(.text) for __use_two_region_memory
    startup_stm32f10x_hd.o(RESET) refers (Special) to heapauxi.o(.text) for __use_two_region_memory
    startup_stm32f10x_hd.o(RESET) refers to startup_stm32f10x_hd.o(.text) for Reset_Handler
    startup_stm32f10x_hd.o(RESET) refers to stm32f10x_it.o(.text) for NMI_Handler
    startup_stm32f10x_hd.o(.text) refers (Special) to heapauxi.o(.text) for __use_two_region_memory
    startup_stm32f10x_hd.o(.text) refers to startup_stm32f10x_hd.o(STACK) for __initial_sp
    startup_stm32f10x_hd.o(.text) refers to __main.o(!!!main) for __main
    startup_stm32f10x_hd.o(.text) refers to startup_stm32f10x_hd.o(HEAP) for Heap_Mem
    key.o(.text) refers to stm32f10x_rcc.o(.text) for RCC_APB2PeriphClockCmd
    key.o(.text) refers to stm32f10x_gpio.o(.text) for GPIO_Init
    key.o(.text) refers to stm32flash.o(.text) for StoreSysPrama
    key.o(.text) refers to delay_timer.o(.text) for Delayus
    key.o(.text) refers to display.o(.text) for Dis_Menu
    key.o(.text) refers to key.o(.data) for Key
    key.o(.text) refers to stm32f10x_it.o(.data) for LongKeyTime
    led.o(.text) refers to stm32f10x_rcc.o(.text) for RCC_APB2PeriphClockCmd
    led.o(.text) refers to stm32f10x_gpio.o(.text) for GPIO_Init
    delay_timer.o(.text) refers to delay_timer.o(.data) for cpuclkfeq
    j12864.o(.text) refers to delay_timer.o(.text) for Delayus
    j12864.o(.text) refers to j12864.o(.data) for flag
    j12864.o(.text) refers to stm32f10x_rcc.o(.text) for RCC_APB2PeriphClockCmd
    j12864.o(.text) refers to stm32f10x_gpio.o(.text) for GPIO_Init
    display.o(.text) refers to j12864.o(.text) for LCD_Setpos_DispString
    display.o(.text) refers to key.o(.text) for Key_Process
    display.o(.text) refers to io_process.o(.text) for PerifStop
    display.o(.text) refers to stm32f10x_gpio.o(.text) for GPIO_ReadInputDataBit
    display.o(.text) refers to key.o(.data) for Key
    display.o(.text) refers to display.o(.data) for pctrl
    display.o(.text) refers to tempra_ad.o(.bss) for TMonitorDis
    display.o(.text) refers to io_process.o(.data) for Alarm
    display.o(.text) refers to io_process.o(.bss) for Chiller
    display.o(.text) refers to stm32flash.o(.data) for Config_Data
    display.o(.text) refers to stm32f10x_it.o(.data) for AutoTime
    display.o(.text) refers to stm32flash.o(.text) for GetSysPrama
    display.o(.text) refers to rt_memcpy_v6.o(.text) for __aeabi_memcpy
    display.o(.data) refers to display.o(.conststring) for .conststring
    display.o(.data) refers to display.o(.text) for EnterNormalDis
    timer.o(.text) refers to misc.o(.text) for NVIC_PriorityGroupConfig
    timer.o(.text) refers to stm32f10x_rcc.o(.text) for RCC_APB1PeriphClockCmd
    timer.o(.text) refers to stm32f10x_tim.o(.text) for TIM_DeInit
    io_process.o(.text) refers to stm32f10x_rcc.o(.text) for RCC_APB2PeriphClockCmd
    io_process.o(.text) refers to stm32f10x_gpio.o(.text) for GPIO_Init
    io_process.o(.text) refers to delay_timer.o(.text) for Delayus
    io_process.o(.text) refers to rt_memcpy_v6.o(.text) for __aeabi_memcpy
    io_process.o(.text) refers to io_process.o(.data) for Alarm
    io_process.o(.text) refers to display.o(.data) for OldMenu
    io_process.o(.text) refers to io_process.o(.bss) for Chiller
    tempra_ad.o(.text) refers to stm32f10x_rcc.o(.text) for RCC_APB2PeriphClockCmd
    tempra_ad.o(.text) refers to stm32f10x_gpio.o(.text) for GPIO_Init
    tempra_ad.o(.text) refers to stm32f10x_adc.o(.text) for ADC_Init
    tempra_ad.o(.text) refers to stm32f10x_dma.o(.text) for DMA_DeInit
    tempra_ad.o(.text) refers to timer.o(.text) for TIM1_Mode_Config
    tempra_ad.o(.text) refers to display.o(.text) for AntifreezeDis
    tempra_ad.o(.text) refers to io_process.o(.text) for OutPro
    tempra_ad.o(.text) refers to rt_memcpy_v6.o(.text) for __aeabi_memcpy
    tempra_ad.o(.text) refers to tempra_ad.o(.bss) for ADGetValue
    tempra_ad.o(.text) refers to tempra_ad.o(.data) for ValueCount
    tempra_ad.o(.text) refers to key.o(.data) for TemperaSet
    tempra_ad.o(.text) refers to io_process.o(.bss) for Chiller
    tempra_ad.o(.text) refers to io_process.o(.data) for Alarm
    tempra_ad.o(.text) refers to display.o(.data) for AlarmSaveflag
    stm32flash.o(.text) refers to stm32f10x_flash.o(.text) for FLASH_ProgramHalfWord
    stm32flash.o(.text) refers to stm32flash.o(.bss) for STMFLASH_BUF
    stm32flash.o(.text) refers to key.o(.data) for Key
    stm32flash.o(.text) refers to stm32flash.o(.data) for Config_Data
    stm32f10x_gpio.o(.text) refers to stm32f10x_rcc.o(.text) for RCC_APB2PeriphResetCmd
    stm32f10x_rcc.o(.text) refers to stm32f10x_rcc.o(.data) for APBAHBPrescTable
[...]
    main.o(.text) refers to system_stm32f10x.o(.text) for SystemInit
    main.o(.text) refers to delay_timer.o(.text) for DelayInit
    main.o(.text) refers to timer.o(.text) for NVIC_Configuration
    main.o(.text) refers to stm32f10x_rcc.o(.text) for RCC_APB1PeriphClockCmd
    main.o(.text) refers to stm32f10x_tim.o(.text) for TIM_Cmd
    main.o(.text) refers to key.o(.text) for Key_GPIO_Config
    main.o(.text) refers to io_process.o(.text) for IOputConfig
    main.o(.text) refers to j12864.o(.text) for LCD_PORT_Init
    main.o(.text) refers to tempra_ad.o(.text) for ADC1_Init
    main.o(.text) refers to display.o(.text) for DisLogo
    main.o(.text) refers to stm32flash.o(.text) for GetSysPrama
    main.o(.text) refers to stm32f10x_it.o(.data) for LogoTime
    main.o(.text) refers to key.o(.data) for Key
    stm32f10x_it.o(.text) refers to stm32f10x_tim.o(.text) for TIM_GetITStatus
    stm32f10x_it.o(.text) refers to stm32f10x_it.o(.data) for LongKeyTime
    rt_memcpy_v6.o(.text) refers to rt_memcpy_w.o(.text) for __aeabi_memcpy4
    __main.o(!!!main) refers to rtentry.o(.ARM.Collect$$rtentry$$00000000) for __rt_entry
    rtentry.o(.ARM.Collect$$rtentry$$00000000) refers (Special) to rtentry2.o(.ARM.Collect$$rtentry$$0000000A) for __rt_entry_li
    rtentry.o(.ARM.Collect$$rtentry$$00000000) refers (Special) to rtentry2.o(.ARM.Collect$$rtentry$$0000000D) for __rt_entry_main
    rtentry.o(.ARM.Collect$$rtentry$$00000000) refers (Special) to rtentry2.o(.ARM.Collect$$rtentry$$0000000C) for __rt_entry_postli_1
    rtentry.o(.ARM.Collect$$rtentry$$00000000) refers (Special) to rtentry2.o(.ARM.Collect$$rtentry$$00000009) for __rt_entry_postsh_1
    rtentry.o(.ARM.Collect$$rtentry$$00000000) refers (Special) to rtentry2.o(.ARM.Collect$$rtentry$$00000002) for __rt_entry_presh_1
    rtentry.o(.ARM.Collect$$rtentry$$00000000) refers (Special) to rtentry4.o(.ARM.Collect$$rtentry$$00000004) for __rt_entry_sh
    rtentry2.o(.ARM.Collect$$rtentry$$00000008) refers to boardinit2.o(.text) for _platform_post_stackheap_init
    rtentry2.o(.ARM.Collect$$rtentry$$0000000A) refers to libinit.o(.ARM.Collect$$libinit$$00000000) for __rt_lib_init
    rtentry2.o(.ARM.Collect$$rtentry$$0000000B) refers to boardinit3.o(.text) for _platform_post_lib_init
    rtentry2.o(.ARM.Collect$$rtentry$$0000000D) refers to main.o(.text) for main
    rtentry2.o(.ARM.Collect$$rtentry$$0000000D) refers to exit.o(.text) for exit
    rtentry2.o(.ARM.exidx) refers to rtentry2.o(.ARM.Collect$$rtentry$$00000001) for .ARM.Collect$$rtentry$$00000001
    rtentry2.o(.ARM.exidx) refers to rtentry2.o(.ARM.Collect$$rtentry$$00000008) for .ARM.Collect$$rtentry$$00000008
    rtentry2.o(.ARM.exidx) refers to rtentry2.o(.ARM.Collect$$rtentry$$0000000A) for .ARM.Collect$$rtentry$$0000000A
    rtentry2.o(.ARM.exidx) refers to rtentry2.o(.ARM.Collect$$rtentry$$0000000B) for .ARM.Collect$$rtentry$$0000000B
    rtentry2.o(.ARM.exidx) refers to rtentry2.o(.ARM.Collect$$rtentry$$0000000D) for .ARM.Collect$$rtentry$$0000000D
    rtentry4.o(.ARM.Collect$$rtentry$$00000004) refers to sys_stackheap_outer.o(.text) for __user_setup_stackheap
    rtentry4.o(.ARM.exidx) refers to rtentry4.o(.ARM.Collect$$rtentry$$00000004) for .ARM.Collect$$rtentry$$00000004
    sys_stackheap_outer.o(.text) refers to libspace.o(.text) for __user_perproc_libspace
    sys_stackheap_outer.o(.text) refers to startup_stm32f10x_hd.o(.text) for __user_initial_stackheap
    exit.o(.text) refers to rtexit.o(.ARM.Collect$$rtexit$$00000000) for __rt_exit
    libinit.o(.ARM.Collect$$libinit$$00000000) refers (Special) to libinit2.o(.ARM.Collect$$libinit$$0000002C) for __rt_lib_init_alloca_1
    libinit.o(.ARM.Collect$$libinit$$00000000) refers (Special) to libinit2.o(.ARM.Collect$$libinit$$0000002A) for __rt_lib_init_argv_1
    libinit.o(.ARM.Collect$$libinit$$00000000) refers (Special) to libinit2.o(.ARM.Collect$$libinit$$00000019) for __rt_lib_init_atexit_1
    libinit.o(.ARM.Collect$$libinit$$00000000) refers (Special) to libinit2.o(.ARM.Collect$$libinit$$0000001F) for __rt_lib_init_clock_1
    libinit.o(.ARM.Collect$$libinit$$00000000) refers (Special) to libinit2.o(.ARM.Collect$$libinit$$00000030) for __rt_lib_init_cpp_1
    libinit.o(.ARM.Collect$$libinit$$00000000) refers (Special) to libinit2.o(.ARM.Collect$$libinit$$0000002E) for __rt_lib_init_exceptions_1
    libinit.o(.ARM.Collect$$libinit$$00000000) refers (Special) to libinit2.o(.ARM.Collect$$libinit$$00000002) for __rt_lib_init_fp_1
    libinit.o(.ARM.Collect$$libinit$$00000000) refers (Special) to libinit2.o(.ARM.Collect$$libinit$$0000001D) for __rt_lib_init_fp_trap_1
    libinit.o(.ARM.Collect$$libinit$$00000000) refers (Special) to libinit2.o(.ARM.Collect$$libinit$$00000021) for __rt_lib_init_getenv_1
    libinit.o(.ARM.Collect$$libinit$$00000000) refers (Special) to libinit2.o(.ARM.Collect$$libinit$$00000008) for __rt_lib_init_heap_1
    libinit.o(.ARM.Collect$$libinit$$00000000) refers (Special) to libinit2.o(.ARM.Collect$$libinit$$0000000F) for __rt_lib_init_lc_collate_1
    libinit.o(.ARM.Collect$$libinit$$00000000) refers (Special) to libinit2.o(.ARM.Collect$$libinit$$00000011) for __rt_lib_init_lc_ctype_1
    libinit.o(.ARM.Collect$$libinit$$00000000) refers (Special) to libinit2.o(.ARM.Collect$$libinit$$00000013) for __rt_lib_init_lc_monetary_1
    libinit.o(.ARM.Collect$$libinit$$00000000) refers (Special) to libinit2.o(.ARM.Collect$$libinit$$00000015) for __rt_lib_init_lc_numeric_1
    libinit.o(.ARM.Collect$$libinit$$00000000) refers (Special) to libinit2.o(.ARM.Collect$$libinit$$00000017) for __rt_lib_init_lc_time_1
    libinit.o(.ARM.Collect$$libinit$$00000000) refers (Special) to libinit2.o(.ARM.Collect$$libinit$$0000000C) for __rt_lib_init_rand_1
    libinit.o(.ARM.Collect$$libinit$$00000000) refers (Special) to libinit2.o(.ARM.Collect$$libinit$$00000031) for __rt_lib_init_return
    libinit.o(.ARM.Collect$$libinit$$00000000) refers (Special) to libinit2.o(.ARM.Collect$$libinit$$0000001B) for __rt_lib_init_signal_1
    libinit.o(.ARM.Collect$$libinit$$00000000) refers (Special) to libinit2.o(.ARM.Collect$$libinit$$00000023) for __rt_lib_init_stdio_1
    libinit.o(.ARM.Collect$$libinit$$00000000) refers (Special) to libinit2.o(.ARM.Collect$$libinit$$0000000A) for __rt_lib_init_user_alloc_1
    libspace.o(.text) refers to libspace.o(.bss) for __libspace_start
    rtexit.o(.ARM.Collect$$rtexit$$00000000) refers (Special) to rtexit2.o(.ARM.Collect$$rtexit$$00000004) for __rt_exit_exit
    rtexit.o(.ARM.Collect$$rtexit$$00000000) refers (Special) to rtexit2.o(.ARM.Collect$$rtexit$$00000003) for __rt_exit_ls
    rtexit.o(.ARM.Collect$$rtexit$$00000000) refers (Special) to rtexit2.o(.ARM.Collect$$rtexit$$00000002) for __rt_exit_prels_1
    rtexit.o(.ARM.exidx) refers (Special) to rtexit2.o(.ARM.Collect$$rtexit$$00000004) for __rt_exit_exit
    rtexit.o(.ARM.exidx) refers (Special) to rtexit2.o(.ARM.Collect$$rtexit$$00000003) for __rt_exit_ls
    rtexit.o(.ARM.exidx) refers (Special) to rtexit2.o(.ARM.Collect$$rtexit$$00000002) for __rt_exit_prels_1
    rtexit.o(.ARM.exidx) refers to rtexit.o(.ARM.Collect$$rtexit$$00000000) for .ARM.Collect$$rtexit$$00000000
    libinit2.o(.ARM.Collect$$libinit$$0000000E) refers to libinit2.o(.ARM.Collect$$libinit$$0000000D) for .ARM.Collect$$libinit$$0000000D
    libinit2.o(.ARM.Collect$$libinit$$00000010) refers to libinit2.o(.ARM.Collect$$libinit$$0000000D) for .ARM.Collect$$libinit$$0000000D
    libinit2.o(.ARM.Collect$$libinit$$00000012) refers to libinit2.o(.ARM.Collect$$libinit$$0000000D) for .ARM.Collect$$libinit$$0000000D
    libinit2.o(.ARM.Collect$$libinit$$00000014) refers to libinit2.o(.ARM.Collect$$libinit$$0000000D) for .ARM.Collect$$libinit$$0000000D
    libinit2.o(.ARM.Collect$$libinit$$00000016) refers to libinit2.o(.ARM.Collect$$libinit$$0000000D) for .ARM.Collect$$libinit$$0000000D
    libinit2.o(.ARM.Collect$$libinit$$00000024) refers to argv_veneer.o(.emb_text) for __ARM_argv_veneer
    libinit2.o(.ARM.Collect$$libinit$$00000025) refers to argv_veneer.o(.emb_text) for __ARM_argv_veneer
    rtexit2.o(.ARM.Collect$$rtexit$$00000003) refers to libshutdown.o(.ARM.Collect$$libshutdown$$00000000) for __rt_lib_shutdown
    rtexit2.o(.ARM.Collect$$rtexit$$00000004) refers to sys_exit.o(.text) for _sys_exit
    rtexit2.o(.ARM.exidx) refers to rtexit2.o(.ARM.Collect$$rtexit$$00000001) for .ARM.Collect$$rtexit$$00000001
    rtexit2.o(.ARM.exidx) refers to rtexit2.o(.ARM.Collect$$rtexit$$00000003) for .ARM.Collect$$rtexit$$00000003
    rtexit2.o(.ARM.exidx) refers to rtexit2.o(.ARM.Collect$$rtexit$$00000004) for .ARM.Collect$$rtexit$$00000004
    argv_veneer.o(.emb_text) refers to no_argv.o(.text) for __ARM_get_argv
    sys_exit.o(.text) refers (Special) to use_no_semi.o(.text) for __I$use$semihosting
    sys_exit.o(.text) refers (Special) to indicate_semi.o(.text) for __semihosting_library_function
    _get_argv_nomalloc.o(.text) refers (Special) to hrguard.o(.text) for __heap_region$guard
    _get_argv_nomalloc.o(.text) refers to defsig_rtmem_outer.o(.text) for __rt_SIGRTMEM
    _get_argv_nomalloc.o(.text) refers to sys_command.o(.text) for _sys_command_string
    libshutdown.o(.ARM.Collect$$libshutdown$$00000000) refers (Special) to libshutdown2.o(.ARM.Collect$$libshutdown$$00000006) for __rt_lib_shutdown_fp_trap_1
    libshutdown.o(.ARM.Collect$$libshutdown$$00000000) refers (Special) to libshutdown2.o(.ARM.Collect$$libshutdown$$0000000E) for __rt_lib_shutdown_heap_1
    libshutdown.o(.ARM.Collect$$libshutdown$$00000000) refers (Special) to libshutdown2.o(.ARM.Collect$$libshutdown$$0000000F) for __rt_lib_shutdown_return
    libshutdown.o(.ARM.Collect$$libshutdown$$00000000) refers (Special) to libshutdown2.o(.ARM.Collect$$libshutdown$$00000009) for __rt_lib_shutdown_signal_1
    libshutdown.o(.ARM.Collect$$libshutdown$$00000000) refers (Special) to libshutdown2.o(.ARM.Collect$$libshutdown$$00000003) for __rt_lib_shutdown_stdio_1
    libshutdown.o(.ARM.Collect$$libshutdown$$00000000) refers (Special) to libshutdown2.o(.ARM.Collect$$libshutdown$$0000000B) for __rt_lib_shutdown_user_alloc_1
    sys_command.o(.text) refers (Special) to use_no_semi.o(.text) for __I$use$semihosting
    sys_command.o(.text) refers (Special) to indicate_semi.o(.text) for __semihosting_library_function
    defsig_rtmem_outer.o(.text) refers to defsig_rtmem_inner.o(.text) for __rt_SIGRTMEM_inner
    defsig_rtmem_outer.o(.text) refers to defsig_exit.o(.text) for __sig_exit
    defsig_rtmem_formal.o(.text) refers to rt_raise.o(.text) for __rt_raise
    rt_raise.o(.text) refers to __raise.o(.text) for __raise
    rt_raise.o(.text) refers to sys_exit.o(.text) for _sys_exit
    defsig_exit.o(.text) refers to sys_exit.o(.text) for _sys_exit
    defsig_rtmem_inner.o(.text) refers to defsig_general.o(.text) for __default_signal_display
    __raise.o(.text) refers to defsig.o(CL$$defsig) for __default_signal_handler
    defsig_general.o(.text) refers to sys_wrch.o(.text) for _ttywrch
    sys_wrch.o(.text) refers (Special) to use_no_semi.o(.text) for __I$use$semihosting
    sys_wrch.o(.text) refers (Special) to indicate_semi.o(.text) for __semihosting_library_function
    defsig.o(CL$$defsig) refers to defsig_rtmem_inner.o(.text) for __rt_SIGRTMEM_inner
    defsig_abrt_inner.o(.text) refers to defsig_general.o(.text) for __default_signal_display
    defsig_fpe_inner.o(.text) refers to defsig_general.o(.text) for __default_signal_display
    defsig_rtred_inner.o(.text) refers to defsig_general.o(.text) for __default_signal_display
    defsig_stak_inner.o(.text) refers to defsig_general.o(.text) for __default_signal_display
    defsig_pvfn_inner.o(.text) refers to defsig_general.o(.text) for __default_signal_display
    defsig_cppl_inner.o(.text) refers to defsig_general.o(.text) for __default_signal_display
    defsig_segv_inner.o(.text) refers to defsig_general.o(.text) for __default_signal_display
    defsig_other.o(.text) refers to defsig_general.o(.text) for __default_signal_display


==============================================================================

Removing Unused input sections from the image.

    Removing led.o(.text), (56 bytes).
    Removing core_cm3.o(.emb_text), (32 bytes).
    Removing system_stm32f10x.o(.constdata), (20 bytes).
    Removing main.o(.data), (4 bytes).

4 unused section(s) (total 112 bytes) removed from the image.

==============================================================================

Image Symbol Table

    Local Symbols

    Symbol Name                              Value     Ov Type        Size  Object(Section)

    ../clib/angel/boardlib.s                 0x00000000   Number         0  boardinit3.o ABSOLUTE
    ../clib/angel/boardlib.s                 0x00000000   Number         0  boardinit1.o ABSOLUTE
    ../clib/angel/boardlib.s                 0x00000000   Number         0  boardshut.o ABSOLUTE
    ../clib/angel/boardlib.s                 0x00000000   Number         0  boardinit2.o ABSOLUTE
    ../clib/angel/dczerorl2.s                0x00000000   Number         0  __dczerorl2.o ABSOLUTE
    ../clib/angel/handlers.s                 0x00000000   Number         0  __scatter_zi.o ABSOLUTE
    ../clib/angel/kernel.s                   0x00000000   Number         0  rtentry4.o ABSOLUTE
    ../clib/angel/kernel.s                   0x00000000   Number         0  rtexit2.o ABSOLUTE
    ../clib/angel/kernel.s                   0x00000000   Number         0  rtexit.o ABSOLUTE
    ../clib/angel/kernel.s                   0x00000000   Number         0  rtentry2.o ABSOLUTE
    ../clib/angel/kernel.s                   0x00000000   Number         0  rtentry.o ABSOLUTE
    ../clib/angel/rt.s                       0x00000000   Number         0  rt_raise.o ABSOLUTE
    ../clib/angel/scatter.s                  0x00000000   Number         0  __scatter.o ABSOLUTE
    ../clib/angel/startup.s                  0x00000000   Number         0  __main.o ABSOLUTE
    ../clib/angel/sys.s                      0x00000000   Number         0  sys_stackheap_outer.o ABSOLUTE
    ../clib/angel/sys.s                      0x00000000   Number         0  libspace.o ABSOLUTE
    ../clib/angel/sys.s                      0x00000000   Number         0  indicate_semi.o ABSOLUTE
    ../clib/angel/sys.s                      0x00000000   Number         0  use_no_semi.o ABSOLUTE
    ../clib/angel/sysapp.c                   0x00000000   Number         0  sys_exit.o ABSOLUTE
    ../clib/angel/sysapp.c                   0x00000000   Number         0  sys_wrch.o ABSOLUTE
    ../clib/angel/sysapp.c                   0x00000000   Number         0  sys_command.o ABSOLUTE
    ../clib/armsys.c                         0x00000000   Number         0  no_argv.o ABSOLUTE
    ../clib/armsys.c                         0x00000000   Number         0  _get_argv_nomalloc.o ABSOLUTE
    ../clib/armsys.c                         0x00000000   Number         0  argv_veneer.o ABSOLUTE
    ../clib/armsys.c                         0x00000000   Number         0  argv_veneer.o ABSOLUTE
    ../clib/heapalloc.c                      0x00000000   Number         0  hrguard.o ABSOLUTE
    ../clib/heapaux.c                        0x00000000   Number         0  heapauxi.o ABSOLUTE
    ../clib/libinit.s                        0x00000000   Number         0  libshutdown2.o ABSOLUTE
    ../clib/libinit.s                        0x00000000   Number         0  libinit.o ABSOLUTE
    ../clib/libinit.s                        0x00000000   Number         0  libinit2.o ABSOLUTE
    ../clib/libinit.s                        0x00000000   Number         0  libshutdown.o ABSOLUTE
    ../clib/memcpset.s                       0x00000000   Number         0  rt_memcpy_v6.o ABSOLUTE
    ../clib/memcpset.s                       0x00000000   Number         0  rt_memcpy_w.o ABSOLUTE
    ../clib/signal.c                         0x00000000   Number         0  defsig_segv_inner.o ABSOLUTE
    ../clib/signal.c                         0x00000000   Number         0  defsig_cppl_inner.o ABSOLUTE
    ../clib/signal.c                         0x00000000   Number         0  defsig_pvfn_inner.o ABSOLUTE
    ../clib/signal.c                         0x00000000   Number         0  defsig_stak_inner.o ABSOLUTE
    ../clib/signal.c                         0x00000000   Number         0  defsig_rtred_inner.o ABSOLUTE
    ../clib/signal.c                         0x00000000   Number         0  defsig_exit.o ABSOLUTE
    ../clib/signal.c                         0x00000000   Number         0  defsig_fpe_inner.o ABSOLUTE
    ../clib/signal.c                         0x00000000   Number         0  defsig_other.o ABSOLUTE
    ../clib/signal.c                         0x00000000   Number         0  defsig_abrt_inner.o ABSOLUTE
    ../clib/signal.c                         0x00000000   Number         0  defsig_rtmem_formal.o ABSOLUTE
    ../clib/signal.c                         0x00000000   Number         0  __raise.o ABSOLUTE
    ../clib/signal.c                         0x00000000   Number         0  defsig_rtmem_outer.o ABSOLUTE
    ../clib/signal.c                         0x00000000   Number         0  defsig_general.o ABSOLUTE
    ../clib/signal.c                         0x00000000   Number         0  defsig_rtmem_inner.o ABSOLUTE
    ../clib/signal.s                         0x00000000   Number         0  defsig.o ABSOLUTE
    ../clib/stdlib.c                         0x00000000   Number         0  exit.o ABSOLUTE
    ../fplib/fpinit.s                        0x00000000   Number         0  fpinit.o ABSOLUTE
    ..\CMSIS\core_cm3.c                      0x00000000   Number         0  core_cm3.o ABSOLUTE
    ..\CMSIS\startup\startup_stm32f10x_hd.s  0x00000000   Number         0  startup_stm32f10x_hd.o ABSOLUTE
    ..\CMSIS\system_stm32f10x.c              0x00000000   Number         0  system_stm32f10x.o ABSOLUTE
    ..\FWlib\src\misc.c                      0x00000000   Number         0  misc.o ABSOLUTE
    ..\FWlib\src\stm32f10x_adc.c             0x00000000   Number         0  stm32f10x_adc.o ABSOLUTE
    ..\FWlib\src\stm32f10x_dma.c             0x00000000   Number         0  stm32f10x_dma.o ABSOLUTE
    ..\FWlib\src\stm32f10x_flash.c           0x00000000   Number         0  stm32f10x_flash.o ABSOLUTE
    ..\FWlib\src\stm32f10x_gpio.c            0x00000000   Number         0  stm32f10x_gpio.o ABSOLUTE
    ..\FWlib\src\stm32f10x_rcc.c             0x00000000   Number         0  stm32f10x_rcc.o ABSOLUTE
    ..\FWlib\src\stm32f10x_tim.c             0x00000000   Number         0  stm32f10x_tim.o ABSOLUTE
    ..\USER\src\Delay_Timer.c                0x00000000   Number         0  delay_timer.o ABSOLUTE
    ..\USER\src\Display.c                    0x00000000   Number         0  display.o ABSOLUTE
    ..\USER\src\IO_Process.c                 0x00000000   Number         0  io_process.o ABSOLUTE
    ..\USER\src\J12864.c                     0x00000000   Number         0  j12864.o ABSOLUTE
    ..\USER\src\STM32Flash.c                 0x00000000   Number         0  stm32flash.o ABSOLUTE
    ..\USER\src\Tempra_AD.c                  0x00000000   Number         0  tempra_ad.o ABSOLUTE
    ..\USER\src\Timer.c                      0x00000000   Number         0  timer.o ABSOLUTE
    ..\USER\src\key.c                        0x00000000   Number         0  key.o ABSOLUTE
    ..\USER\src\led.c                        0x00000000   Number         0  led.o ABSOLUTE
    ..\\CMSIS\\core_cm3.c                    0x00000000   Number         0  core_cm3.o ABSOLUTE
    APP\main.c                               0x00000000   Number         0  main.o ABSOLUTE
    APP\stm32f10x_it.c                       0x00000000   Number         0  stm32f10x_it.o ABSOLUTE
    dc.s                                     0x00000000   Number         0  dc.o ABSOLUTE
    RESET                                    0x08000000   Section      304  startup_stm32f10x_hd.o(RESET)
    !!!main                                  0x08000130   Section        8  __main.o(!!!main)
    !!!scatter                               0x08000138   Section       52  __scatter.o(!!!scatter)
    !!dczerorl2                              0x0800016c   Section       90  __dczerorl2.o(!!dczerorl2)
    !!handler_zi                             0x080001c8   Section       28  __scatter_zi.o(!!handler_zi)
    .ARM.Collect$$libinit$$00000000          0x080001e4   Section        2  libinit.o(.ARM.Collect$$libinit$$00000000)
    .ARM.Collect$$libinit$$00000002          0x080001e6   Section        0  libinit2.o(.ARM.Collect$$libinit$$00000002)
    .ARM.Collect$$libinit$$00000008          0x080001e6   Section        0  libinit2.o(.ARM.Collect$$libinit$$00000008)
    .ARM.Collect$$libinit$$0000000A          0x080001e6   Section        0  libinit2.o(.ARM.Collect$$libinit$$0000000A)
    .ARM.Collect$$libinit$$0000000C          0x080001e6   Section        0  libinit2.o(.ARM.Collect$$libinit$$0000000C)
    .ARM.Collect$$libinit$$0000000F          0x080001e6   Section        0  libinit2.o(.ARM.Collect$$libinit$$0000000F)
    .ARM.Collect$$libinit$$00000011          0x080001e6   Section        0  libinit2.o(.ARM.Collect$$libinit$$00000011)
    .ARM.Collect$$libinit$$00000013          0x080001e6   Section        0  libinit2.o(.ARM.Collect$$libinit$$00000013)
    .ARM.Collect$$libinit$$00000015          0x080001e6   Section        0  libinit2.o(.ARM.Collect$$libinit$$00000015)
    .ARM.Collect$$libinit$$00000017          0x080001e6   Section        0  libinit2.o(.ARM.Collect$$libinit$$00000017)
    .ARM.Collect$$libinit$$00000019          0x080001e6   Section        0  libinit2.o(.ARM.Collect$$libinit$$00000019)
    .ARM.Collect$$libinit$$0000001B          0x080001e6   Section        0  libinit2.o(.ARM.Collect$$libinit$$0000001B)
    .ARM.Collect$$libinit$$0000001D          0x080001e6   Section        0  libinit2.o(.ARM.Collect$$libinit$$0000001D)
    .ARM.Collect$$libinit$$0000001F          0x080001e6   Section        0  libinit2.o(.ARM.Collect$$libinit$$0000001F)
    .ARM.Collect$$libinit$$00000021          0x080001e6   Section        0  libinit2.o(.ARM.Collect$$libinit$$00000021)
    .ARM.Collect$$libinit$$00000023          0x080001e6   Section        0  libinit2.o(.ARM.Collect$$libinit$$00000023)
    .ARM.Collect$$libinit$$0000002A          0x080001e6   Section        0  libinit2.o(.ARM.Collect$$libinit$$0000002A)
    .ARM.Collect$$libinit$$0000002C          0x080001e6   Section        0  libinit2.o(.ARM.Collect$$libinit$$0000002C)
    .ARM.Collect$$libinit$$0000002E          0x080001e6   Section        0  libinit2.o(.ARM.Collect$$libinit$$0000002E)
    .ARM.Collect$$libinit$$00000030          0x080001e6   Section        0  libinit2.o(.ARM.Collect$$libinit$$00000030)
    .ARM.Collect$$libinit$$00000031          0x080001e6   Section        2  libinit2.o(.ARM.Collect$$libinit$$00000031)
    .ARM.Collect$$libshutdown$$00000000      0x080001e8   Section        2  libshutdown.o(.ARM.Collect$$libshutdown$$00000000)
    .ARM.Collect$$libshutdown$$00000003      0x080001ea   Section        0  libshutdown2.o(.ARM.Collect$$libshutdown$$00000003)
    .ARM.Collect$$libshutdown$$00000006      0x080001ea   Section        0  libshutdown2.o(.ARM.Collect$$libshutdown$$00000006)
    .ARM.Collect$$libshutdown$$00000009      0x080001ea   Section        0  libshutdown2.o(.ARM.Collect$$libshutdown$$00000009)
    .ARM.Collect$$libshutdown$$0000000B      0x080001ea   Section        0  libshutdown2.o(.ARM.Collect$$libshutdown$$0000000B)
    .ARM.Collect$$libshutdown$$0000000E      0x080001ea   Section        0  libshutdown2.o(.ARM.Collect$$libshutdown$$0000000E)
    .ARM.Collect$$libshutdown$$0000000F      0x080001ea   Section        2  libshutdown2.o(.ARM.Collect$$libshutdown$$0000000F)
    .ARM.Collect$$rtentry$$00000000          0x080001ec   Section        0  rtentry.o(.ARM.Collect$$rtentry$$00000000)
    .ARM.Collect$$rtentry$$00000002          0x080001ec   Section        0  rtentry2.o(.ARM.Collect$$rtentry$$00000002)
    .ARM.Collect$$rtentry$$00000004          0x080001ec   Section        6  rtentry4.o(.ARM.Collect$$rtentry$$00000004)
    .ARM.Collect$$rtentry$$00000009          0x080001f2   Section        0  rtentry2.o(.ARM.Collect$$rtentry$$00000009)
    .ARM.Collect$$rtentry$$0000000A          0x080001f2   Section        4  rtentry2.o(.ARM.Collect$$rtentry$$0000000A)
    .ARM.Collect$$rtentry$$0000000C          0x080001f6   Section        0  rtentry2.o(.ARM.Collect$$rtentry$$0000000C)
    .ARM.Collect$$rtentry$$0000000D          0x080001f6   Section        8  rtentry2.o(.ARM.Collect$$rtentry$$0000000D)
    .ARM.Collect$$rtexit$$00000000           0x080001fe   Section        2  rtexit.o(.ARM.Collect$$rtexit$$00000000)
    .ARM.Collect$$rtexit$$00000002           0x08000200   Section        0  rtexit2.o(.ARM.Collect$$rtexit$$00000002)
    .ARM.Collect$$rtexit$$00000003           0x08000200   Section        4  rtexit2.o(.ARM.Collect$$rtexit$$00000003)
    .ARM.Collect$$rtexit$$00000004           0x08000204   Section        6  rtexit2.o(.ARM.Collect$$rtexit$$00000004)
    .text                                    0x0800020c   Section       72  startup_stm32f10x_hd.o(.text)
    .text                                    0x08000254   Section        0  key.o(.text)
    .text                                    0x08000560   Section        0  delay_timer.o(.text)
    .text                                    0x080005d0   Section        0  j12864.o(.text)
    .text                                    0x08000e94   Section        0  display.o(.text)
    .text                                    0x08001440   Section        0  timer.o(.text)
    .text                                    0x08001574   Section        0  io_process.o(.text)
    .text                                    0x08001884   Section        0  tempra_ad.o(.text)
    .text                                    0x08001d2c   Section        0  stm32flash.o(.text)
    .text                                    0x08001ef0   Section        0  stm32f10x_gpio.o(.text)
    .text                                    0x0800221c   Section        0  stm32f10x_rcc.o(.text)
    .text                                    0x080025bc   Section        0  misc.o(.text)
    .text                                    0x08002698   Section        0  stm32f10x_tim.o(.text)
    TI4_Config                               0x080029b7   Thumb Code    82  stm32f10x_tim.o(.text)
    TI3_Config                               0x08002a1b   Thumb Code    72  stm32f10x_tim.o(.text)
    TI2_Config                               0x08002a8d   Thumb Code    80  stm32f10x_tim.o(.text)
    TI1_Config                               0x08002aef   Thumb Code    56  stm32f10x_tim.o(.text)
    .text                                    0x08003260   Section        0  stm32f10x_adc.o(.text)
    .text                                    0x08003690   Section        0  stm32f10x_dma.o(.text)
    .text                                    0x080038cc   Section        0  stm32f10x_flash.o(.text)
    delay                                    0x08003955   Thumb Code    26  stm32f10x_flash.o(.text)
    .text                                    0x08003df8   Section        0  system_stm32f10x.o(.text)
    SetSysClockTo72                          0x08003df9   Thumb Code   218  system_stm32f10x.o(.text)
    SetSysClock                              0x08003ed3   Thumb Code     8  system_stm32f10x.o(.text)
    .text                                    0x08003f30   Section        0  main.o(.text)
    .text                                    0x08003fc4   Section        0  stm32f10x_it.o(.text)
    .text                                    0x0800402c   Section      138  rt_memcpy_v6.o(.text)
    .text                                    0x080040b6   Section        0  heapauxi.o(.text)
    .text                                    0x080040bc   Section      100  rt_memcpy_w.o(.text)
    .text                                    0x08004120   Section       74  sys_stackheap_outer.o(.text)
    .text                                    0x0800416a   Section        0  exit.o(.text)
    .text                                    0x08004178   Section        8  libspace.o(.text)
    .text                                    0x08004180   Section        0  sys_exit.o(.text)
    .text                                    0x0800418c   Section        2  use_no_semi.o(.text)
    .conststring                             0x0800418e   Section      676  display.o(.conststring)
    .text                                    0x0800418e   Section        0  indicate_semi.o(.text)
    .data                                    0x20000000   Section       36  key.o(.data)
    Set3SecFlag                              0x2000001c   Data           1  key.o(.data)
    i                                        0x2000001d   Data           1  key.o(.data)
    cpuclkfeq                                0x20000020   Data           4  key.o(.data)
    .data                                    0x20000024   Section        4  delay_timer.o(.data)
    cpuclkfeq                                0x20000024   Data           4  delay_timer.o(.data)
    .data                                    0x20000028   Section       32  j12864.o(.data)
    flag                                     0x20000028   Data           2  j12864.o(.data)
    i                                        0x2000002a   Data           2  j12864.o(.data)
    i                                        0x2000002c   Data           4  j12864.o(.data)
    j                                        0x20000030   Data           4  j12864.o(.data)
    k                                        0x20000034   Data           4  j12864.o(.data)
    wei                                      0x20000038   Data           4  j12864.o(.data)
    q                                        0x2000003c   Data           4  j12864.o(.data)
    i                                        0x20000040   Data           2  j12864.o(.data)
    j                                        0x20000042   Data           2  j12864.o(.data)
    cpuclkfeq                                0x20000044   Data           4  j12864.o(.data)
    .data                                    0x20000048   Section      342  display.o(.data)
    workstart                                0x2000019c   Data           1  display.o(.data)
    .data                                    0x200001a0   Section       16  io_process.o(.data)
    cpuclkfeq                                0x200001ac   Data           4  io_process.o(.data)
    .data                                    0x200001b0   Section        8  tempra_ad.o(.data)
    ValueCount                               0x200001b4   Data           4  tempra_ad.o(.data)
    .data                                    0x200001b8   Section       24  stm32flash.o(.data)
    cpuclkfeq                                0x200001cc   Data           4  stm32flash.o(.data)
    .data                                    0x200001d0   Section       20  stm32f10x_rcc.o(.data)
    APBAHBPrescTable                         0x200001d0   Data          16  stm32f10x_rcc.o(.data)
    ADCPrescTable                            0x200001e0   Data           4  stm32f10x_rcc.o(.data)
    .data                                    0x200001e4   Section       16  stm32f10x_it.o(.data)
    .bss                                     0x200001f4   Section       28  io_process.o(.bss)
    .bss                                     0x20000210   Section     1764  tempra_ad.o(.bss)
    TMonitor                                 0x20000210   Data          12  tempra_ad.o(.bss)
    ADC_SmoothFilter                         0x20000228   Data         480  tempra_ad.o(.bss)
    .bss                                     0x200008f4   Section     2048  stm32flash.o(.bss)
    .bss                                     0x200010f4   Section       96  libspace.o(.bss)
    HEAP                                     0x20001158   Section        0  startup_stm32f10x_hd.o(HEAP)
    STACK                                    0x20001158   Section      512  startup_stm32f10x_hd.o(STACK)
    Heap_Mem                                 0x20001158   Data           0  startup_stm32f10x_hd.o(HEAP)
    Stack_Mem                                0x20001158   Data         512  startup_stm32f10x_hd.o(STACK)
    __initial_sp                             0x20001358   Data           0  startup_stm32f10x_hd.o(STACK)

    Global Symbols

    Symbol Name                              Value     Ov Type        Size  Object(Section)

    BuildAttributes$$THM_ISAv4$P$D$K$B$S$PE$A:L22UL41UL21$X:L11$S22US41US21$IEEE1$IW$USESV6$~STKCKD$USESV7$~SHL$OSPACE$ROPI$EBA8$UX$STANDARDLIB$REQ8$PRES8$EABIv2 0x00000000   Number         0  anon$$obj.o ABSOLUTE
    __ARM_use_no_argv                        0x00000000   Number         0  main.o ABSOLUTE
    __ARM_exceptions_init                     - Undefined Weak Reference
    __alloca_initialize                       - Undefined Weak Reference
    __cpp_initialize__aeabi_                  - Undefined Weak Reference
    __cxa_finalize                            - Undefined Weak Reference
    __rt_locale                               - Undefined Weak Reference
    __sigvec_lookup                           - Undefined Weak Reference
    _atexit_init                              - Undefined Weak Reference
    _call_atexit_fns                          - Undefined Weak Reference
    _clock_init                               - Undefined Weak Reference
    _fp_trap_init                             - Undefined Weak Reference
    _fp_trap_shutdown                         - Undefined Weak Reference
    _get_lc_collate                           - Undefined Weak Reference
    _get_lc_ctype                             - Undefined Weak Reference
    _get_lc_monetary                          - Undefined Weak Reference
    _get_lc_numeric                           - Undefined Weak Reference
    _get_lc_time                              - Undefined Weak Reference
    _getenv_init                              - Undefined Weak Reference
    _handle_redirection                       - Undefined Weak Reference
    _init_alloc                               - Undefined Weak Reference
    _init_user_alloc                          - Undefined Weak Reference
    _initio                                   - Undefined Weak Reference
    _rand_init                                - Undefined Weak Reference
    _signal_finish                            - Undefined Weak Reference
    _signal_init                              - Undefined Weak Reference
    _terminate_alloc                          - Undefined Weak Reference
    _terminate_user_alloc                     - Undefined Weak Reference
    _terminateio                              - Undefined Weak Reference
    __Vectors_Size                           0x00000130   Number         0  startup_stm32f10x_hd.o ABSOLUTE
    __Vectors                                0x08000000   Data           4  startup_stm32f10x_hd.o(RESET)
    __Vectors_End                            0x08000130   Data           0  startup_stm32f10x_hd.o(RESET)
    __main                                   0x08000131   Thumb Code     8  __main.o(!!!main)
    __scatterload                            0x08000139   Thumb Code     0  __scatter.o(!!!scatter)
    __scatterload_rt2                        0x08000139   Thumb Code    44  __scatter.o(!!!scatter)
    __scatterload_rt2_thumb_only             0x08000139   Thumb Code     0  __scatter.o(!!!scatter)
    __scatterload_null                       0x08000147   Thumb Code     0  __scatter.o(!!!scatter)
    __decompress                             0x0800016d   Thumb Code    90  __dczerorl2.o(!!dczerorl2)
    __decompress1                            0x0800016d   Thumb Code     0  __dczerorl2.o(!!dczerorl2)
    __scatterload_zeroinit                   0x080001c9   Thumb Code    28  __scatter_zi.o(!!handler_zi)
    __rt_lib_init                            0x080001e5   Thumb Code     0  libinit.o(.ARM.Collect$$libinit$$00000000)
    __rt_lib_init_alloca_1                   0x080001e7   Thumb Code     0  libinit2.o(.ARM.Collect$$libinit$$0000002C)
    __rt_lib_init_argv_1                     0x080001e7   Thumb Code     0  libinit2.o(.ARM.Collect$$libinit$$0000002A)
    __rt_lib_init_atexit_1                   0x080001e7   Thumb Code     0  libinit2.o(.ARM.Collect$$libinit$$00000019)
    __rt_lib_init_clock_1                    0x080001e7   Thumb Code     0  libinit2.o(.ARM.Collect$$libinit$$0000001F)
    __rt_lib_init_cpp_1                      0x080001e7   Thumb Code     0  libinit2.o(.ARM.Collect$$libinit$$00000030)
    __rt_lib_init_exceptions_1               0x080001e7   Thumb Code     0  libinit2.o(.ARM.Collect$$libinit$$0000002E)
    __rt_lib_init_fp_1                       0x080001e7   Thumb Code     0  libinit2.o(.ARM.Collect$$libinit$$00000002)
    __rt_lib_init_fp_trap_1                  0x080001e7   Thumb Code     0  libinit2.o(.ARM.Collect$$libinit$$0000001D)
    __rt_lib_init_getenv_1                   0x080001e7   Thumb Code     0  libinit2.o(.ARM.Collect$$libinit$$00000021)
    __rt_lib_init_heap_1                     0x080001e7   Thumb Code     0  libinit2.o(.ARM.Collect$$libinit$$00000008)
    __rt_lib_init_lc_collate_1               0x080001e7   Thumb Code     0  libinit2.o(.ARM.Collect$$libinit$$0000000F)
    __rt_lib_init_lc_ctype_1                 0x080001e7   Thumb Code     0  libinit2.o(.ARM.Collect$$libinit$$00000011)
    __rt_lib_init_lc_monetary_1              0x080001e7   Thumb Code     0  libinit2.o(.ARM.Collect$$libinit$$00000013)
    __rt_lib_init_lc_numeric_1               0x080001e7   Thumb Code     0  libinit2.o(.ARM.Collect$$libinit$$00000015)
    __rt_lib_init_lc_time_1                  0x080001e7   Thumb Code     0  libinit2.o(.ARM.Collect$$libinit$$00000017)
    __rt_lib_init_rand_1                     0x080001e7   Thumb Code     0  libinit2.o(.ARM.Collect$$libinit$$0000000C)
    __rt_lib_init_return                     0x080001e7   Thumb Code     0  libinit2.o(.ARM.Collect$$libinit$$00000031)
    __rt_lib_init_signal_1                   0x080001e7   Thumb Code     0  libinit2.o(.ARM.Collect$$libinit$$0000001B)
    __rt_lib_init_stdio_1                    0x080001e7   Thumb Code     0  libinit2.o(.ARM.Collect$$libinit$$00000023)
    __rt_lib_init_user_alloc_1               0x080001e7   Thumb Code     0  libinit2.o(.ARM.Collect$$libinit$$0000000A)
    __rt_lib_shutdown                        0x080001e9   Thumb Code     0  libshutdown.o(.ARM.Collect$$libshutdown$$00000000)
    __rt_lib_shutdown_fp_trap_1              0x080001eb   Thumb Code     0  libshutdown2.o(.ARM.Collect$$libshutdown$$00000006)
    __rt_lib_shutdown_heap_1                 0x080001eb   Thumb Code     0  libshutdown2.o(.ARM.Collect$$libshutdown$$0000000E)
    __rt_lib_shutdown_return                 0x080001eb   Thumb Code     0  libshutdown2.o(.ARM.Collect$$libshutdown$$0000000F)
    __rt_lib_shutdown_signal_1               0x080001eb   Thumb Code     0  libshutdown2.o(.ARM.Collect$$libshutdown$$00000009)
    __rt_lib_shutdown_stdio_1                0x080001eb   Thumb Code     0  libshutdown2.o(.ARM.Collect$$libshutdown$$00000003)
    __rt_lib_shutdown_user_alloc_1           0x080001eb   Thumb Code     0  libshutdown2.o(.ARM.Collect$$libshutdown$$0000000B)
    __rt_entry                               0x080001ed   Thumb Code     0  rtentry.o(.ARM.Collect$$rtentry$$00000000)
    __rt_entry_presh_1                       0x080001ed   Thumb Code     0  rtentry2.o(.ARM.Collect$$rtentry$$00000002)
    __rt_entry_sh                            0x080001ed   Thumb Code     0  rtentry4.o(.ARM.Collect$$rtentry$$00000004)
    __rt_entry_li                            0x080001f3   Thumb Code     0  rtentry2.o(.ARM.Collect$$rtentry$$0000000A)
    __rt_entry_postsh_1                      0x080001f3   Thumb Code     0  rtentry2.o(.ARM.Collect$$rtentry$$00000009)
    __rt_entry_main                          0x080001f7   Thumb Code     0  rtentry2.o(.ARM.Collect$$rtentry$$0000000D)
    __rt_entry_postli_1                      0x080001f7   Thumb Code     0  rtentry2.o(.ARM.Collect$$rtentry$$0000000C)
    __rt_exit                                0x080001ff   Thumb Code     0  rtexit.o(.ARM.Collect$$rtexit$$00000000)
    __rt_exit_ls                             0x08000201   Thumb Code     0  rtexit2.o(.ARM.Collect$$rtexit$$00000003)
    __rt_exit_prels_1                        0x08000201   Thumb Code     0  rtexit2.o(.ARM.Collect$$rtexit$$00000002)
    __rt_exit_exit                           0x08000205   Thumb Code     0  rtexit2.o(.ARM.Collect$$rtexit$$00000004)
    SystemInit_ExtMemCtl                     0x0800020d   Thumb Code     2  startup_stm32f10x_hd.o(.text)
    Reset_Handler                            0x0800020f   Thumb Code    14  startup_stm32f10x_hd.o(.text)
    ADC1_2_IRQHandler                        0x0800022f   Thumb Code     0  startup_stm32f10x_hd.o(.text)
    ADC3_IRQHandler                          0x0800022f   Thumb Code     0  startup_stm32f10x_hd.o(.text)
    CAN1_RX1_IRQHandler                      0x0800022f   Thumb Code     0  startup_stm32f10x_hd.o(.text)
    CAN1_SCE_IRQHandler                      0x0800022f   Thumb Code     0  startup_stm32f10x_hd.o(.text)
    DMA1_Channel1_IRQHandler                 0x0800022f   Thumb Code     0  startup_stm32f10x_hd.o(.text)
    DMA1_Channel2_IRQHandler                 0x0800022f   Thumb Code     0  startup_stm32f10x_hd.o(.text)
    DMA1_Channel3_IRQHandler                 0x0800022f   Thumb Code     0  startup_stm32f10x_hd.o(.text)
    DMA1_Channel4_IRQHandler                 0x0800022f   Thumb Code     0  startup_stm32f10x_hd.o(.text)
    DMA1_Channel5_IRQHandler                 0x0800022f   Thumb Code     0  startup_stm32f10x_hd.o(.text)
    DMA1_Channel6_IRQHandler                 0x0800022f   Thumb Code     0  startup_stm32f10x_hd.o(.text)
    DMA1_Channel7_IRQHandler                 0x0800022f   Thumb Code     0  startup_stm32f10x_hd.o(.text)
    DMA2_Channel1_IRQHandler                 0x0800022f   Thumb Code     0  startup_stm32f10x_hd.o(.text)
    DMA2_Channel2_IRQHandler                 0x0800022f   Thumb Code     0  startup_stm32f10x_hd.o(.text)
    DMA2_Channel3_IRQHandler                 0x0800022f   Thumb Code     0  startup_stm32f10x_hd.o(.text)
    DMA2_Channel4_5_IRQHandler               0x0800022f   Thumb Code     0  startup_stm32f10x_hd.o(.text)
    EXTI0_IRQHandler                         0x0800022f   Thumb Code     0  startup_stm32f10x_hd.o(.text)
    EXTI15_10_IRQHandler                     0x0800022f   Thumb Code     0  startup_stm32f10x_hd.o(.text)
    EXTI1_IRQHandler                         0x0800022f   Thumb Code     0  startup_stm32f10x_hd.o(.text)
    EXTI2_IRQHandler                         0x0800022f   Thumb Code     0  startup_stm32f10x_hd.o(.text)
    EXTI3_IRQHandler                         0x0800022f   Thumb Code     0  startup_stm32f10x_hd.o(.text)
    EXTI4_IRQHandler                         0x0800022f   Thumb Code     0  startup_stm32f10x_hd.o(.text)
    EXTI9_5_IRQHandler                       0x0800022f   Thumb Code     0  startup_stm32f10x_hd.o(.text)
    FLASH_IRQHandler                         0x0800022f   Thumb Code     0  startup_stm32f10x_hd.o(.text)
    FSMC_IRQHandler                          0x0800022f   Thumb Code     0  startup_stm32f10x_hd.o(.text)
    I2C1_ER_IRQHandler                       0x0800022f   Thumb Code     0  startup_stm32f10x_hd.o(.text)
    I2C1_EV_IRQHandler                       0x0800022f   Thumb Code     0  startup_stm32f10x_hd.o(.text)
    I2C2_ER_IRQHandler                       0x0800022f   Thumb Code     0  startup_stm32f10x_hd.o(.text)
    I2C2_EV_IRQHandler                       0x0800022f   Thumb Code     0  startup_stm32f10x_hd.o(.text)
    PVD_IRQHandler                           0x0800022f   Thumb Code     0  startup_stm32f10x_hd.o(.text)
    RCC_IRQHandler                           0x0800022f   Thumb Code     0  startup_stm32f10x_hd.o(.text)
    RTCAlarm_IRQHandler                      0x0800022f   Thumb Code     0  startup_stm32f10x_hd.o(.text)
    RTC_IRQHandler                           0x0800022f   Thumb Code     0  startup_stm32f10x_hd.o(.text)
    SDIO_IRQHandler                          0x0800022f   Thumb Code     0  startup_stm32f10x_hd.o(.text)
    SPI1_IRQHandler                          0x0800022f   Thumb Code     0  startup_stm32f10x_hd.o(.text)
    SPI2_IRQHandler                          0x0800022f   Thumb Code     0  startup_stm32f10x_hd.o(.text)
    SPI3_IRQHandler                          0x0800022f   Thumb Code     0  startup_stm32f10x_hd.o(.text)
    TAMPER_IRQHandler                        0x0800022f   Thumb Code     0  startup_stm32f10x_hd.o(.text)
    TIM1_BRK_IRQHandler                      0x0800022f   Thumb Code     0  startup_stm32f10x_hd.o(.text)
    TIM1_CC_IRQHandler                       0x0800022f   Thumb Code     0  startup_stm32f10x_hd.o(.text)
    TIM1_TRG_COM_IRQHandler                  0x0800022f   Thumb Code     0  startup_stm32f10x_hd.o(.text)
    TIM1_UP_IRQHandler                       0x0800022f   Thumb Code     0  startup_stm32f10x_hd.o(.text)
    TIM3_IRQHandler                          0x0800022f   Thumb Code     0  startup_stm32f10x_hd.o(.text)
    TIM4_IRQHandler                          0x0800022f   Thumb Code     0  startup_stm32f10x_hd.o(.text)
    TIM5_IRQHandler                          0x0800022f   Thumb Code     0  startup_stm32f10x_hd.o(.text)
    TIM6_IRQHandler                          0x0800022f   Thumb Code     0  startup_stm32f10x_hd.o(.text)
    TIM7_IRQHandler                          0x0800022f   Thumb Code     0  startup_stm32f10x_hd.o(.text)
    TIM8_BRK_IRQHandler                      0x0800022f   Thumb Code     0  startup_stm32f10x_hd.o(.text)
    TIM8_CC_IRQHandler                       0x0800022f   Thumb Code     0  startup_stm32f10x_hd.o(.text)
    TIM8_TRG_COM_IRQHandler                  0x0800022f   Thumb Code     0  startup_stm32f10x_hd.o(.text)
    TIM8_UP_IRQHandler                       0x0800022f   Thumb Code     0  startup_stm32f10x_hd.o(.text)
    UART4_IRQHandler                         0x0800022f   Thumb Code     0  startup_stm32f10x_hd.o(.text)
    UART5_IRQHandler                         0x0800022f   Thumb Code     0  startup_stm32f10x_hd.o(.text)
    USART1_IRQHandler                        0x0800022f   Thumb Code     0  startup_stm32f10x_hd.o(.text)
    USART2_IRQHandler                        0x0800022f   Thumb Code     0  startup_stm32f10x_hd.o(.text)
    USART3_IRQHandler                        0x0800022f   Thumb Code     0  startup_stm32f10x_hd.o(.text)
    USBWakeUp_IRQHandler                     0x0800022f   Thumb Code     0  startup_stm32f10x_hd.o(.text)
    USB_HP_CAN1_TX_IRQHandler                0x0800022f   Thumb Code     0  startup_stm32f10x_hd.o(.text)
    USB_LP_CAN1_RX0_IRQHandler               0x0800022f   Thumb Code     0  startup_stm32f10x_hd.o(.text)
    WWDG_IRQHandler                          0x0800022f   Thumb Code     0  startup_stm32f10x_hd.o(.text)
    __user_initial_stackheap                 0x08000231   Thumb Code     0  startup_stm32f10x_hd.o(.text)
    Key_GPIO_Config                          0x08000255   Thumb Code    74  key.o(.text)
    Set_Pro                                  0x0800029f   Thumb Code   350  key.o(.text)
    Key_Scan                                 0x080003fd   Thumb Code   236  key.o(.text)
    Key_Process                              0x080004e9   Thumb Code    92  key.o(.text)
    DelayInit                                0x08000561   Thumb Code    30  delay_timer.o(.text)
    Delayus                                  0x0800057f   Thumb Code    64  delay_timer.o(.text)
    LCD_WriteInitCmd                         0x080005d1   Thumb Code   168  j12864.o(.text)
    LCD_WaitLaisure                          0x08000679   Thumb Code   202  j12864.o(.text)
    LCD_WriteCmd                             0x08000743   Thumb Code   172  j12864.o(.text)
    LCD_WriteByte                            0x080007ef   Thumb Code   198  j12864.o(.text)
    LCD_pos                                  0x080008b5   Thumb Code    12  j12864.o(.text)
    LCD_Setpos                               0x080008c1   Thumb Code    46  j12864.o(.text)
    LCD_DispChar                             0x080008ef   Thumb Code    12  j12864.o(.text)
    LCD_Setpos_DispChar                      0x080008fb   Thumb Code    24  j12864.o(.text)
    LCD_DispString                           0x08000913   Thumb Code    46  j12864.o(.text)
    LCD_Setpos_DispString                    0x08000941   Thumb Code    24  j12864.o(.text)
    LCD_Dispnum                              0x08000959   Thumb Code   186  j12864.o(.text)
    LCD_Setpos_Dispnum                       0x08000a13   Thumb Code    24  j12864.o(.text)
    LCD_DispDecimal                          0x08000a2b   Thumb Code   396  j12864.o(.text)
    LCD_Setpos_DispDecimal                   0x08000bb7   Thumb Code    32  j12864.o(.text)
    LCD_DispDateTime                         0x08000bd7   Thumb Code   224  j12864.o(.text)
    LCD_DispPicture                          0x08000cb7   Thumb Code   138  j12864.o(.text)
    LCD_ShiftLeft                            0x08000d41   Thumb Code    10  j12864.o(.text)
    LCD_ShiftRight                           0x08000d4b   Thumb Code    10  j12864.o(.text)
    LCD_Clear                                0x08000d55   Thumb Code    10  j12864.o(.text)
    LCD_Return                               0x08000d5f   Thumb Code    10  j12864.o(.text)
    LCD_Close                                0x08000d69   Thumb Code    10  j12864.o(.text)
    LCD_Open                                 0x08000d73   Thumb Code    10  j12864.o(.text)
    LCD_FlickerChar                          0x08000d7d   Thumb Code    22  j12864.o(.text)
    LCD_CloseFlicker                         0x08000d93   Thumb Code    10  j12864.o(.text)
    LCD_FlickerScreen                        0x08000d9d   Thumb Code    28  j12864.o(.text)
    LCD_PORT_Init                            0x08000db9   Thumb Code    80  j12864.o(.text)
    LCD_Init                                 0x08000e09   Thumb Code   138  j12864.o(.text)
    EnterNormalDis                           0x08000e95   Thumb Code   174  display.o(.text)
    EnterModelSetting                        0x08000f43   Thumb Code    44  display.o(.text)
    EnterTemperaSetting                      0x08000f6f   Thumb Code    78  display.o(.text)
    AlarmDis                                 0x08000fbd   Thumb Code   226  display.o(.text)
    DisLogo                                  0x0800109f   Thumb Code    46  display.o(.text)
    WaitOperation                            0x080010cd   Thumb Code   524  display.o(.text)
    AntifreezeDis                            0x080012d9   Thumb Code   158  display.o(.text)
    Dis_Menu                                 0x08001377   Thumb Code   164  display.o(.text)
    NVIC_Configuration                       0x08001441   Thumb Code    72  timer.o(.text)
    TIM2_Configuration                       0x08001489   Thumb Code    86  timer.o(.text)
    TIM1_Mode_Config                         0x080014df   Thumb Code   146  timer.o(.text)
    IOputConfig                              0x08001575   Thumb Code   102  io_process.o(.text)
    PerifStop                                0x080015db   Thumb Code    12  io_process.o(.text)
    PerifStart                               0x080015e7   Thumb Code    12  io_process.o(.text)
    InputMonitor                             0x080015f3   Thumb Code   502  io_process.o(.text)
    OutPro                                   0x080017e9   Thumb Code   128  io_process.o(.text)
    ADC1_GPIO_Config                         0x08001885   Thumb Code    32  tempra_ad.o(.text)
    ADC1_Mode_Config                         0x080018a5   Thumb Code   190  tempra_ad.o(.text)
    DMA_Config                               0x08001963   Thumb Code    86  tempra_ad.o(.text)
    ADC1_Init                                0x080019b9   Thumb Code    20  tempra_ad.o(.text)
    ADC1_Tempera                             0x080019cd   Thumb Code   384  tempra_ad.o(.text)
    AntifreezePro                            0x08001b4d   Thumb Code   112  tempra_ad.o(.text)
    TemperaPro                               0x08001bbd   Thumb Code   352  tempra_ad.o(.text)
    STMFLASH_ReadHalfWord                    0x08001d2d   Thumb Code     6  stm32flash.o(.text)
    STMFLASH_Write_NoCheck                   0x08001d33   Thumb Code    38  stm32flash.o(.text)
    STMFLASH_Read                            0x08001d59   Thumb Code    34  stm32flash.o(.text)
    STMFLASH_Write                           0x08001d7b   Thumb Code   222  stm32flash.o(.text)
    StoreSysPrama                            0x08001e59   Thumb Code    62  stm32flash.o(.text)
    GetSysPrama                              0x08001e97   Thumb Code    66  stm32flash.o(.text)
    GPIO_DeInit                              0x08001ef1   Thumb Code   188  stm32f10x_gpio.o(.text)
    GPIO_AFIODeInit                          0x08001fad   Thumb Code    20  stm32f10x_gpio.o(.text)
    GPIO_Init                                0x08001fc1   Thumb Code   274  stm32f10x_gpio.o(.text)
    GPIO_StructInit                          0x080020d3   Thumb Code    16  stm32f10x_gpio.o(.text)
    GPIO_ReadInputDataBit                    0x080020e3   Thumb Code    18  stm32f10x_gpio.o(.text)
    GPIO_ReadInputData                       0x080020f5   Thumb Code     8  stm32f10x_gpio.o(.text)
    GPIO_ReadOutputDataBit                   0x080020fd   Thumb Code    18  stm32f10x_gpio.o(.text)
    GPIO_ReadOutputData                      0x0800210f   Thumb Code     8  stm32f10x_gpio.o(.text)
    GPIO_SetBits                             0x08002117   Thumb Code     4  stm32f10x_gpio.o(.text)
    GPIO_ResetBits                           0x0800211b   Thumb Code     4  stm32f10x_gpio.o(.text)
    GPIO_WriteBit                            0x0800211f   Thumb Code    10  stm32f10x_gpio.o(.text)
    GPIO_Write                               0x08002129   Thumb Code     4  stm32f10x_gpio.o(.text)
    GPIO_PinLockConfig                       0x0800212d   Thumb Code    18  stm32f10x_gpio.o(.text)
    GPIO_EventOutputConfig                   0x0800213f   Thumb Code    26  stm32f10x_gpio.o(.text)
    GPIO_EventOutputCmd                      0x08002159   Thumb Code     6  stm32f10x_gpio.o(.text)
    GPIO_PinRemapConfig                      0x0800215f   Thumb Code   106  stm32f10x_gpio.o(.text)
    GPIO_EXTILineConfig                      0x080021c9   Thumb Code    66  stm32f10x_gpio.o(.text)
    RCC_DeInit                               0x0800221d   Thumb Code    62  stm32f10x_rcc.o(.text)
    RCC_HSEConfig                            0x0800225b   Thumb Code    70  stm32f10x_rcc.o(.text)
    RCC_GetFlagStatus                        0x080022a1   Thumb Code    56  stm32f10x_rcc.o(.text)
    RCC_WaitForHSEStartUp                    0x080022d9   Thumb Code    54  stm32f10x_rcc.o(.text)
    RCC_AdjustHSICalibrationValue            0x0800230f   Thumb Code    20  stm32f10x_rcc.o(.text)
    RCC_HSICmd                               0x08002323   Thumb Code     6  stm32f10x_rcc.o(.text)
    RCC_PLLConfig                            0x08002329   Thumb Code    24  stm32f10x_rcc.o(.text)
    RCC_PLLCmd                               0x08002341   Thumb Code     6  stm32f10x_rcc.o(.text)
    RCC_SYSCLKConfig                         0x08002347   Thumb Code    18  stm32f10x_rcc.o(.text)
    RCC_GetSYSCLKSource                      0x08002359   Thumb Code    10  stm32f10x_rcc.o(.text)
    RCC_HCLKConfig                           0x08002363   Thumb Code    18  stm32f10x_rcc.o(.text)
    RCC_PCLK1Config                          0x08002375   Thumb Code    18  stm32f10x_rcc.o(.text)
    RCC_PCLK2Config                          0x08002387   Thumb Code    20  stm32f10x_rcc.o(.text)
    RCC_ITConfig                             0x0800239b   Thumb Code    26  stm32f10x_rcc.o(.text)
    RCC_USBCLKConfig                         0x080023b5   Thumb Code     6  stm32f10x_rcc.o(.text)
    RCC_ADCCLKConfig                         0x080023bb   Thumb Code    18  stm32f10x_rcc.o(.text)
    RCC_LSEConfig                            0x080023cd   Thumb Code    44  stm32f10x_rcc.o(.text)
    RCC_LSICmd                               0x080023f9   Thumb Code     6  stm32f10x_rcc.o(.text)
    RCC_RTCCLKConfig                         0x080023ff   Thumb Code    12  stm32f10x_rcc.o(.text)
    RCC_RTCCLKCmd                            0x0800240b   Thumb Code     8  stm32f10x_rcc.o(.text)
    RCC_GetClocksFreq                        0x08002413   Thumb Code   192  stm32f10x_rcc.o(.text)
    RCC_AHBPeriphClockCmd                    0x080024d3   Thumb Code    26  stm32f10x_rcc.o(.text)
    RCC_APB2PeriphClockCmd                   0x080024ed   Thumb Code    26  stm32f10x_rcc.o(.text)
    RCC_APB1PeriphClockCmd                   0x08002507   Thumb Code    26  stm32f10x_rcc.o(.text)
    RCC_APB2PeriphResetCmd                   0x08002521   Thumb Code    26  stm32f10x_rcc.o(.text)
    RCC_APB1PeriphResetCmd                   0x0800253b   Thumb Code    26  stm32f10x_rcc.o(.text)
    RCC_BackupResetCmd                       0x08002555   Thumb Code     8  stm32f10x_rcc.o(.text)
    RCC_ClockSecuritySystemCmd               0x0800255d   Thumb Code     6  stm32f10x_rcc.o(.text)
    RCC_MCOConfig                            0x08002563   Thumb Code     6  stm32f10x_rcc.o(.text)
    RCC_ClearFlag                            0x08002569   Thumb Code    14  stm32f10x_rcc.o(.text)
    RCC_GetITStatus                          0x08002577   Thumb Code    20  stm32f10x_rcc.o(.text)
    RCC_ClearITPendingBit                    0x0800258b   Thumb Code     6  stm32f10x_rcc.o(.text)
    NVIC_PriorityGroupConfig                 0x080025bd   Thumb Code    10  misc.o(.text)
    NVIC_Init                                0x080025c7   Thumb Code   102  misc.o(.text)
    NVIC_SetVectorTable                      0x0800262d   Thumb Code    14  misc.o(.text)
    NVIC_SystemLPConfig                      0x0800263b   Thumb Code    34  misc.o(.text)
    SysTick_CLKSourceConfig                  0x0800265d   Thumb Code    40  misc.o(.text)
    TIM_DeInit                               0x08002699   Thumb Code   214  stm32f10x_tim.o(.text)
    TIM_TimeBaseInit                         0x0800276f   Thumb Code    50  stm32f10x_tim.o(.text)
    TIM_OC1Init                              0x080027a1   Thumb Code   110  stm32f10x_tim.o(.text)
    TIM_OC2Init                              0x0800280f   Thumb Code   148  stm32f10x_tim.o(.text)
    TIM_OC3Init                              0x080028a3   Thumb Code   144  stm32f10x_tim.o(.text)
    TIM_OC4Init                              0x08002933   Thumb Code   106  stm32f10x_tim.o(.text)
    TIM_SetIC4Prescaler                      0x0800299d   Thumb Code    26  stm32f10x_tim.o(.text)
    TIM_SetIC3Prescaler                      0x08002a09   Thumb Code    18  stm32f10x_tim.o(.text)
    TIM_SetIC2Prescaler                      0x08002a63   Thumb Code    42  stm32f10x_tim.o(.text)
    TIM_SetIC1Prescaler                      0x08002add   Thumb Code    18  stm32f10x_tim.o(.text)
    TIM_ICInit                               0x08002b27   Thumb Code   110  stm32f10x_tim.o(.text)
    TIM_PWMIConfig                           0x08002b95   Thumb Code   124  stm32f10x_tim.o(.text)
    TIM_BDTRConfig                           0x08002c11   Thumb Code    32  stm32f10x_tim.o(.text)
    TIM_TimeBaseStructInit                   0x08002c31   Thumb Code    18  stm32f10x_tim.o(.text)
    TIM_OCStructInit                         0x08002c43   Thumb Code    20  stm32f10x_tim.o(.text)
    TIM_ICStructInit                         0x08002c57   Thumb Code    18  stm32f10x_tim.o(.text)
    TIM_BDTRStructInit                       0x08002c69   Thumb Code    18  stm32f10x_tim.o(.text)
    TIM_Cmd                                  0x08002c7b   Thumb Code    24  stm32f10x_tim.o(.text)
    TIM_CtrlPWMOutputs                       0x08002c93   Thumb Code    30  stm32f10x_tim.o(.text)
    TIM_ITConfig                             0x08002cb1   Thumb Code    18  stm32f10x_tim.o(.text)
    TIM_GenerateEvent                        0x08002cc3   Thumb Code     4  stm32f10x_tim.o(.text)
    TIM_DMAConfig                            0x08002cc7   Thumb Code    10  stm32f10x_tim.o(.text)
    TIM_DMACmd                               0x08002cd1   Thumb Code    18  stm32f10x_tim.o(.text)
    TIM_InternalClockConfig                  0x08002ce3   Thumb Code    12  stm32f10x_tim.o(.text)
    TIM_SelectInputTrigger                   0x08002cef   Thumb Code    18  stm32f10x_tim.o(.text)
    TIM_ITRxExternalClockConfig              0x08002d01   Thumb Code    24  stm32f10x_tim.o(.text)
    TIM_TIxExternalClockConfig               0x08002d19   Thumb Code    62  stm32f10x_tim.o(.text)
    TIM_ETRConfig                            0x08002d57   Thumb Code    30  stm32f10x_tim.o(.text)
    TIM_ETRClockMode1Config                  0x08002d75   Thumb Code    54  stm32f10x_tim.o(.text)
    TIM_ETRClockMode2Config                  0x08002dab   Thumb Code    32  stm32f10x_tim.o(.text)
    TIM_PrescalerConfig                      0x08002dcb   Thumb Code     6  stm32f10x_tim.o(.text)
    TIM_CounterModeConfig                    0x08002dd1   Thumb Code    18  stm32f10x_tim.o(.text)
    TIM_EncoderInterfaceConfig               0x08002de3   Thumb Code    66  stm32f10x_tim.o(.text)
    TIM_ForcedOC1Config                      0x08002e25   Thumb Code    18  stm32f10x_tim.o(.text)
    TIM_ForcedOC2Config                      0x08002e37   Thumb Code    26  stm32f10x_tim.o(.text)
    TIM_ForcedOC3Config                      0x08002e51   Thumb Code    18  stm32f10x_tim.o(.text)
    TIM_ForcedOC4Config                      0x08002e63   Thumb Code    26  stm32f10x_tim.o(.text)
    TIM_ARRPreloadConfig                     0x08002e7d   Thumb Code    24  stm32f10x_tim.o(.text)
    TIM_SelectCOM                            0x08002e95   Thumb Code    24  stm32f10x_tim.o(.text)
    TIM_SelectCCDMA                          0x08002ead   Thumb Code    24  stm32f10x_tim.o(.text)
    TIM_CCPreloadControl                     0x08002ec5   Thumb Code    24  stm32f10x_tim.o(.text)
    TIM_OC1PreloadConfig                     0x08002edd   Thumb Code    18  stm32f10x_tim.o(.text)
    TIM_OC2PreloadConfig                     0x08002eef   Thumb Code    26  stm32f10x_tim.o(.text)
    TIM_OC3PreloadConfig                     0x08002f09   Thumb Code    18  stm32f10x_tim.o(.text)
    TIM_OC4PreloadConfig                     0x08002f1b   Thumb Code    26  stm32f10x_tim.o(.text)
    TIM_OC1FastConfig                        0x08002f35   Thumb Code    18  stm32f10x_tim.o(.text)
    TIM_OC2FastConfig                        0x08002f47   Thumb Code    26  stm32f10x_tim.o(.text)
    TIM_OC3FastConfig                        0x08002f61   Thumb Code    18  stm32f10x_tim.o(.text)
    TIM_OC4FastConfig                        0x08002f73   Thumb Code    26  stm32f10x_tim.o(.text)
    TIM_ClearOC1Ref                          0x08002f8d   Thumb Code    18  stm32f10x_tim.o(.text)
    TIM_ClearOC2Ref                          0x08002f9f   Thumb Code    24  stm32f10x_tim.o(.text)
    TIM_ClearOC3Ref                          0x08002fb7   Thumb Code    18  stm32f10x_tim.o(.text)
    TIM_ClearOC4Ref                          0x08002fc9   Thumb Code    24  stm32f10x_tim.o(.text)
    TIM_OC1PolarityConfig                    0x08002fe1   Thumb Code    18  stm32f10x_tim.o(.text)
    TIM_OC1NPolarityConfig                   0x08002ff3   Thumb Code    18  stm32f10x_tim.o(.text)
    TIM_OC2PolarityConfig                    0x08003005   Thumb Code    26  stm32f10x_tim.o(.text)
    TIM_OC2NPolarityConfig                   0x0800301f   Thumb Code    26  stm32f10x_tim.o(.text)
    TIM_OC3PolarityConfig                    0x08003039   Thumb Code    26  stm32f10x_tim.o(.text)
    TIM_OC3NPolarityConfig                   0x08003053   Thumb Code    26  stm32f10x_tim.o(.text)
    TIM_OC4PolarityConfig                    0x0800306d   Thumb Code    26  stm32f10x_tim.o(.text)
    TIM_CCxCmd                               0x08003087   Thumb Code    26  stm32f10x_tim.o(.text)
    TIM_CCxNCmd                              0x080030a1   Thumb Code    26  stm32f10x_tim.o(.text)
    TIM_SelectOCxM                           0x080030bb   Thumb Code   134  stm32f10x_tim.o(.text)
    TIM_UpdateDisableConfig                  0x08003141   Thumb Code    24  stm32f10x_tim.o(.text)
    TIM_UpdateRequestConfig                  0x08003159   Thumb Code    24  stm32f10x_tim.o(.text)
    TIM_SelectHallSensor                     0x08003171   Thumb Code    24  stm32f10x_tim.o(.text)
    TIM_SelectOnePulseMode                   0x08003189   Thumb Code    18  stm32f10x_tim.o(.text)
    TIM_SelectOutputTrigger                  0x0800319b   Thumb Code    18  stm32f10x_tim.o(.text)
    TIM_SelectSlaveMode                      0x080031ad   Thumb Code    18  stm32f10x_tim.o(.text)
    TIM_SelectMasterSlaveMode                0x080031bf   Thumb Code    18  stm32f10x_tim.o(.text)
    TIM_SetCounter                           0x080031d1   Thumb Code     4  stm32f10x_tim.o(.text)
    TIM_SetAutoreload                        0x080031d5   Thumb Code     4  stm32f10x_tim.o(.text)
    TIM_SetCompare1                          0x080031d9   Thumb Code     4  stm32f10x_tim.o(.text)
    TIM_SetCompare2                          0x080031dd   Thumb Code     4  stm32f10x_tim.o(.text)
    TIM_SetCompare3                          0x080031e1   Thumb Code     4  stm32f10x_tim.o(.text)
    TIM_SetCompare4                          0x080031e5   Thumb Code     6  stm32f10x_tim.o(.text)
    TIM_SetClockDivision                     0x080031eb   Thumb Code    14  stm32f10x_tim.o(.text)
    TIM_GetCapture1                          0x080031f9   Thumb Code     6  stm32f10x_tim.o(.text)
    TIM_GetCapture2                          0x080031ff   Thumb Code     6  stm32f10x_tim.o(.text)
    TIM_GetCapture3                          0x08003205   Thumb Code     6  stm32f10x_tim.o(.text)
    TIM_GetCapture4                          0x0800320b   Thumb Code     8  stm32f10x_tim.o(.text)
    TIM_GetCounter                           0x08003213   Thumb Code     6  stm32f10x_tim.o(.text)
    TIM_GetPrescaler                         0x08003219   Thumb Code     6  stm32f10x_tim.o(.text)
    TIM_GetFlagStatus                        0x0800321f   Thumb Code    18  stm32f10x_tim.o(.text)
    TIM_ClearFlag                            0x08003231   Thumb Code     6  stm32f10x_tim.o(.text)
    TIM_GetITStatus                          0x08003237   Thumb Code    34  stm32f10x_tim.o(.text)
    TIM_ClearITPendingBit                    0x08003259   Thumb Code     6  stm32f10x_tim.o(.text)
    ADC_DeInit                               0x08003261   Thumb Code    90  stm32f10x_adc.o(.text)
    ADC_Init                                 0x080032bb   Thumb Code    70  stm32f10x_adc.o(.text)
    ADC_StructInit                           0x08003301   Thumb Code    18  stm32f10x_adc.o(.text)
    ADC_Cmd                                  0x08003313   Thumb Code    22  stm32f10x_adc.o(.text)
    ADC_DMACmd                               0x08003329   Thumb Code    22  stm32f10x_adc.o(.text)
    ADC_ITConfig                             0x0800333f   Thumb Code    24  stm32f10x_adc.o(.text)
    ADC_ResetCalibration                     0x08003357   Thumb Code    10  stm32f10x_adc.o(.text)
    ADC_GetResetCalibrationStatus            0x08003361   Thumb Code    20  stm32f10x_adc.o(.text)
    ADC_StartCalibration                     0x08003375   Thumb Code    10  stm32f10x_adc.o(.text)
    ADC_GetCalibrationStatus                 0x0800337f   Thumb Code    20  stm32f10x_adc.o(.text)
    ADC_SoftwareStartConvCmd                 0x08003393   Thumb Code    22  stm32f10x_adc.o(.text)
    ADC_GetSoftwareStartConvStatus           0x080033a9   Thumb Code    20  stm32f10x_adc.o(.text)
    ADC_DiscModeChannelCountConfig           0x080033bd   Thumb Code    24  stm32f10x_adc.o(.text)
    ADC_DiscModeCmd                          0x080033d5   Thumb Code    22  stm32f10x_adc.o(.text)
    ADC_RegularChannelConfig                 0x080033eb   Thumb Code   184  stm32f10x_adc.o(.text)
    ADC_ExternalTrigConvCmd                  0x080034a3   Thumb Code    22  stm32f10x_adc.o(.text)
    ADC_GetConversionValue                   0x080034b9   Thumb Code     8  stm32f10x_adc.o(.text)
    ADC_GetDualModeConversionValue           0x080034c1   Thumb Code     6  stm32f10x_adc.o(.text)
    ADC_AutoInjectedConvCmd                  0x080034c7   Thumb Code    22  stm32f10x_adc.o(.text)
    ADC_InjectedDiscModeCmd                  0x080034dd   Thumb Code    22  stm32f10x_adc.o(.text)
    ADC_ExternalTrigInjectedConvConfig       0x080034f3   Thumb Code    16  stm32f10x_adc.o(.text)
    ADC_ExternalTrigInjectedConvCmd          0x08003503   Thumb Code    22  stm32f10x_adc.o(.text)
    ADC_SoftwareStartInjectedConvCmd         0x08003519   Thumb Code    22  stm32f10x_adc.o(.text)
    ADC_GetSoftwareStartInjectedConvCmdStatus 0x0800352f   Thumb Code    20  stm32f10x_adc.o(.text)
    ADC_InjectedChannelConfig                0x08003543   Thumb Code   130  stm32f10x_adc.o(.text)
    ADC_InjectedSequencerLengthConfig        0x080035c5   Thumb Code    24  stm32f10x_adc.o(.text)
    ADC_SetInjectedOffset                    0x080035dd   Thumb Code     4  stm32f10x_adc.o(.text)
    ADC_GetInjectedConversionValue           0x080035e1   Thumb Code    10  stm32f10x_adc.o(.text)
    ADC_AnalogWatchdogCmd                    0x080035eb   Thumb Code    16  stm32f10x_adc.o(.text)
    ADC_AnalogWatchdogThresholdsConfig       0x080035fb   Thumb Code     6  stm32f10x_adc.o(.text)
    ADC_AnalogWatchdogSingleChannelConfig    0x08003601   Thumb Code    16  stm32f10x_adc.o(.text)
    ADC_TempSensorVrefintCmd                 0x08003611   Thumb Code    38  stm32f10x_adc.o(.text)
    ADC_GetFlagStatus                        0x08003637   Thumb Code    38  stm32f10x_adc.o(.text)
    ADC_ClearFlag                            0x0800365d   Thumb Code     6  stm32f10x_adc.o(.text)
    ADC_GetITStatus                          0x08003663   Thumb Code    36  stm32f10x_adc.o(.text)
    ADC_ClearITPendingBit                    0x08003687   Thumb Code    10  stm32f10x_adc.o(.text)
    DMA_DeInit                               0x08003691   Thumb Code   306  stm32f10x_dma.o(.text)
    DMA_Init                                 0x080037c3   Thumb Code    60  stm32f10x_dma.o(.text)
    DMA_StructInit                           0x080037ff   Thumb Code    26  stm32f10x_dma.o(.text)
    DMA_Cmd                                  0x08003819   Thumb Code    22  stm32f10x_dma.o(.text)
    DMA_ITConfig                             0x0800382f   Thumb Code    18  stm32f10x_dma.o(.text)
    DMA_GetCurrDataCounter                   0x08003841   Thumb Code     8  stm32f10x_dma.o(.text)
    DMA_GetFlagStatus                        0x08003849   Thumb Code    38  stm32f10x_dma.o(.text)
    DMA_ClearFlag                            0x0800386f   Thumb Code    20  stm32f10x_dma.o(.text)
    DMA_GetITStatus                          0x08003883   Thumb Code    38  stm32f10x_dma.o(.text)
    DMA_ClearITPendingBit                    0x080038a9   Thumb Code    20  stm32f10x_dma.o(.text)
    FLASH_SetLatency                         0x080038cd   Thumb Code    18  stm32f10x_flash.o(.text)
    FLASH_HalfCycleAccessCmd                 0x080038df   Thumb Code    22  stm32f10x_flash.o(.text)
    FLASH_PrefetchBufferCmd                  0x080038f5   Thumb Code    22  stm32f10x_flash.o(.text)
    FLASH_Unlock                             0x0800390b   Thumb Code    12  stm32f10x_flash.o(.text)
    FLASH_Lock                               0x08003917   Thumb Code    14  stm32f10x_flash.o(.text)
    FLASH_GetStatus                          0x08003925   Thumb Code    48  stm32f10x_flash.o(.text)
    FLASH_WaitForLastOperation               0x0800396f   Thumb Code    42  stm32f10x_flash.o(.text)
    FLASH_ErasePage                          0x08003999   Thumb Code    76  stm32f10x_flash.o(.text)
    FLASH_EraseAllPages                      0x080039e5   Thumb Code    72  stm32f10x_flash.o(.text)
    FLASH_EraseOptionBytes                   0x08003a2d   Thumb Code   142  stm32f10x_flash.o(.text)
    FLASH_ProgramWord                        0x08003abb   Thumb Code   100  stm32f10x_flash.o(.text)
    FLASH_ProgramHalfWord                    0x08003b1f   Thumb Code    64  stm32f10x_flash.o(.text)
    FLASH_ProgramOptionByteData              0x08003b5f   Thumb Code    72  stm32f10x_flash.o(.text)
    FLASH_EnableWriteProtection              0x08003ba7   Thumb Code   182  stm32f10x_flash.o(.text)
    FLASH_ReadOutProtection                  0x08003c5d   Thumb Code   174  stm32f10x_flash.o(.text)
    FLASH_UserOptionByteConfig               0x08003d0b   Thumb Code    94  stm32f10x_flash.o(.text)
    FLASH_GetUserOptionByte                  0x08003d69   Thumb Code     8  stm32f10x_flash.o(.text)
    FLASH_GetWriteProtectionOptionByte       0x08003d71   Thumb Code     6  stm32f10x_flash.o(.text)
    FLASH_GetReadOutProtectionStatus         0x08003d77   Thumb Code    20  stm32f10x_flash.o(.text)
    FLASH_GetPrefetchBufferStatus            0x08003d8b   Thumb Code    20  stm32f10x_flash.o(.text)
    FLASH_ITConfig                           0x08003d9f   Thumb Code    26  stm32f10x_flash.o(.text)
    FLASH_GetFlagStatus                      0x08003db9   Thumb Code    42  stm32f10x_flash.o(.text)
    FLASH_ClearFlag                          0x08003de3   Thumb Code     6  stm32f10x_flash.o(.text)
    SystemInit                               0x08003edb   Thumb Code    68  system_stm32f10x.o(.text)
    main                                     0x08003f31   Thumb Code   132  main.o(.text)
    NMI_Handler                              0x08003fc5   Thumb Code     2  stm32f10x_it.o(.text)
    HardFault_Handler                        0x08003fc7   Thumb Code     4  stm32f10x_it.o(.text)
    MemManage_Handler                        0x08003fcb   Thumb Code     4  stm32f10x_it.o(.text)
    BusFault_Handler                         0x08003fcf   Thumb Code     4  stm32f10x_it.o(.text)
    UsageFault_Handler                       0x08003fd3   Thumb Code     4  stm32f10x_it.o(.text)
    SVC_Handler                              0x08003fd7   Thumb Code     2  stm32f10x_it.o(.text)
    DebugMon_Handler                         0x08003fd9   Thumb Code     2  stm32f10x_it.o(.text)
    PendSV_Handler                           0x08003fdb   Thumb Code     2  stm32f10x_it.o(.text)
    SysTick_Handler                          0x08003fdd   Thumb Code     2  stm32f10x_it.o(.text)
    TIM2_IRQHandler                          0x08003fdf   Thumb Code    62  stm32f10x_it.o(.text)
    __aeabi_memcpy                           0x0800402d   Thumb Code     0  rt_memcpy_v6.o(.text)
    __rt_memcpy                              0x0800402d   Thumb Code   138  rt_memcpy_v6.o(.text)
    _memcpy_lastbytes                        0x08004093   Thumb Code     0  rt_memcpy_v6.o(.text)
    __use_two_region_memory                  0x080040b7   Thumb Code     2  heapauxi.o(.text)
    __rt_heap_escrow$2region                 0x080040b9   Thumb Code     2  heapauxi.o(.text)
    __rt_heap_expand$2region                 0x080040bb   Thumb Code     2  heapauxi.o(.text)
    __aeabi_memcpy4                          0x080040bd   Thumb Code     0  rt_memcpy_w.o(.text)
    __aeabi_memcpy8                          0x080040bd   Thumb Code     0  rt_memcpy_w.o(.text)
    __rt_memcpy_w                            0x080040bd   Thumb Code   100  rt_memcpy_w.o(.text)
    _memcpy_lastbytes_aligned                0x08004105   Thumb Code     0  rt_memcpy_w.o(.text)
    __user_setup_stackheap                   0x08004121   Thumb Code    74  sys_stackheap_outer.o(.text)
    exit                                     0x0800416b   Thumb Code    12  exit.o(.text)
    __user_libspace                          0x08004179   Thumb Code     8  libspace.o(.text)
    __user_perproc_libspace                  0x08004179   Thumb Code     0  libspace.o(.text)
    __user_perthread_libspace                0x08004179   Thumb Code     0  libspace.o(.text)
    _sys_exit                                0x08004181   Thumb Code     8  sys_exit.o(.text)
    __I$use$semihosting                      0x0800418d   Thumb Code     0  use_no_semi.o(.text)
    __use_no_semihosting_swi                 0x0800418d   Thumb Code     2  use_no_semi.o(.text)
    __semihosting_library_function           0x0800418f   Thumb Code     0  indicate_semi.o(.text)
    Region$$Table$$Base                      0x08004434   Number         0  anon$$obj.o(Region$$Table)
    Region$$Table$$Limit                     0x08004454   Number         0  anon$$obj.o(Region$$Table)
    Key                                      0x20000000   Data           7  key.o(.data)
    DValue                                   0x20000007   Data           2  key.o(.data)
    TemperaSet                               0x2000000a   Data          14  key.o(.data)
    ptemper                                  0x20000018   Data           4  key.o(.data)
    OldMenu                                  0x20000048   Data           1  display.o(.data)
    AlarmSaveflag                            0x20000049   Data           1  display.o(.data)
    pnull                                    0x2000004c   Data           4  display.o(.data)
    pctrl                                    0x20000050   Data          12  display.o(.data)
    pWarning                                 0x2000005c   Data          40  display.o(.data)
    CH_SetupMenuItems                        0x20000084   Data         280  display.o(.data)
    AntifreezeFlag                           0x2000019d   Data           1  display.o(.data)
    Alarm                                    0x200001a0   Data          12  io_process.o(.data)
    Tflag                                    0x200001b0   Data           1  tempra_ad.o(.data)
    Config_Data                              0x200001b8   Data          18  stm32flash.o(.data)
    LongKeyTime                              0x200001e4   Data           4  stm32f10x_it.o(.data)
    MenuTime                                 0x200001e8   Data           4  stm32f10x_it.o(.data)
    LogoTime                                 0x200001ec   Data           4  stm32f10x_it.o(.data)
    AutoTime                                 0x200001f0   Data           4  stm32f10x_it.o(.data)
    Chiller                                  0x200001f4   Data          14  io_process.o(.bss)
    SaveChillerNormalPara                    0x20000202   Data          14  io_process.o(.bss)
    TMonitorDis                              0x2000021c   Data          12  tempra_ad.o(.bss)
    Smoth_Num                                0x20000408   Data          24  tempra_ad.o(.bss)
    ADGetValue                               0x20000420   Data        1200  tempra_ad.o(.bss)
    ADC_Filter                               0x200008d0   Data          12  tempra_ad.o(.bss)
    ADC_SmoothCount                          0x200008dc   Data          24  tempra_ad.o(.bss)
    STMFLASH_BUF                             0x200008f4   Data        2048  stm32flash.o(.bss)
    __libspace_start                         0x200010f4   Data          96  libspace.o(.bss)
    __temporary_stack_top$libspace           0x20001154   Data           0  libspace.o(.bss)



==============================================================================

Memory Map of the image

  Image Entry point : 0x0800020f

  Load Region LR_1 (Base: 0x08000000, Size: 0x00004648, Max: 0xffffffff, ABSOLUTE, COMPRESSED[0x00004538])

    Execution Region ER_RO (Base: 0x08000000, Size: 0x00004454, Max: 0xffffffff, ABSOLUTE)

    Base Addr    Size         Type   Attr      Idx    E Section Name        Object

    0x08000000   0x00000130   Data   RO            3    RESET               startup_stm32f10x_hd.o
    0x08000130   0x00000008   Code   RO          438  * !!!main             c_w.l(__main.o)
    0x08000138   0x00000034   Code   RO          596    !!!scatter          c_w.l(__scatter.o)
    0x0800016c   0x0000005a   Code   RO          594    !!dczerorl2         c_w.l(__dczerorl2.o)
    0x080001c6   0x00000002   PAD
    0x080001c8   0x0000001c   Code   RO          598    !!handler_zi        c_w.l(__scatter_zi.o)
    0x080001e4   0x00000002   Code   RO          467    .ARM.Collect$$libinit$$00000000  c_w.l(libinit.o)
    0x080001e6   0x00000000   Code   RO          474    .ARM.Collect$$libinit$$00000002  c_w.l(libinit2.o)
    0x080001e6   0x00000000   Code   RO          477    .ARM.Collect$$libinit$$00000008  c_w.l(libinit2.o)
    0x080001e6   0x00000000   Code   RO          479    .ARM.Collect$$libinit$$0000000A  c_w.l(libinit2.o)
    0x080001e6   0x00000000   Code   RO          481    .ARM.Collect$$libinit$$0000000C  c_w.l(libinit2.o)
    0x080001e6   0x00000000   Code   RO          484    .ARM.Collect$$libinit$$0000000F  c_w.l(libinit2.o)
    0x080001e6   0x00000000   Code   RO          486    .ARM.Collect$$libinit$$00000011  c_w.l(libinit2.o)
    0x080001e6   0x00000000   Code   RO          488    .ARM.Collect$$libinit$$00000013  c_w.l(libinit2.o)
    0x080001e6   0x00000000   Code   RO          490    .ARM.Collect$$libinit$$00000015  c_w.l(libinit2.o)
    0x080001e6   0x00000000   Code   RO          492    .ARM.Collect$$libinit$$00000017  c_w.l(libinit2.o)
    0x080001e6   0x00000000   Code   RO          494    .ARM.Collect$$libinit$$00000019  c_w.l(libinit2.o)
    0x080001e6   0x00000000   Code   RO          496    .ARM.Collect$$libinit$$0000001B  c_w.l(libinit2.o)
    0x080001e6   0x00000000   Code   RO          498    .ARM.Collect$$libinit$$0000001D  c_w.l(libinit2.o)
    0x080001e6   0x00000000   Code   RO          500    .ARM.Collect$$libinit$$0000001F  c_w.l(libinit2.o)
    0x080001e6   0x00000000   Code   RO          502    .ARM.Collect$$libinit$$00000021  c_w.l(libinit2.o)
    0x080001e6   0x00000000   Code   RO          504    .ARM.Collect$$libinit$$00000023  c_w.l(libinit2.o)
    0x080001e6   0x00000000   Code   RO          508    .ARM.Collect$$libinit$$0000002A  c_w.l(libinit2.o)
    0x080001e6   0x00000000   Code   RO          510    .ARM.Collect$$libinit$$0000002C  c_w.l(libinit2.o)
    0x080001e6   0x00000000   Code   RO          512    .ARM.Collect$$libinit$$0000002E  c_w.l(libinit2.o)
    0x080001e6   0x00000000   Code   RO          514    .ARM.Collect$$libinit$$00000030  c_w.l(libinit2.o)
    0x080001e6   0x00000002   Code   RO          515    .ARM.Collect$$libinit$$00000031  c_w.l(libinit2.o)
    0x080001e8   0x00000002   Code   RO          535    .ARM.Collect$$libshutdown$$00000000  c_w.l(libshutdown.o)
    0x080001ea   0x00000000   Code   RO          549    .ARM.Collect$$libshutdown$$00000003  c_w.l(libshutdown2.o)
    0x080001ea   0x00000000   Code   RO          552    .ARM.Collect$$libshutdown$$00000006  c_w.l(libshutdown2.o)
    0x080001ea   0x00000000   Code   RO          555    .ARM.Collect$$libshutdown$$00000009  c_w.l(libshutdown2.o)
    0x080001ea   0x00000000   Code   RO          557    .ARM.Collect$$libshutdown$$0000000B  c_w.l(libshutdown2.o)
    0x080001ea   0x00000000   Code   RO          560    .ARM.Collect$$libshutdown$$0000000E  c_w.l(libshutdown2.o)
    0x080001ea   0x00000002   Code   RO          561    .ARM.Collect$$libshutdown$$0000000F  c_w.l(libshutdown2.o)
    0x080001ec   0x00000000   Code   RO          440    .ARM.Collect$$rtentry$$00000000  c_w.l(rtentry.o)
    0x080001ec   0x00000000   Code   RO          444    .ARM.Collect$$rtentry$$00000002  c_w.l(rtentry2.o)
    0x080001ec   0x00000006   Code   RO          456    .ARM.Collect$$rtentry$$00000004  c_w.l(rtentry4.o)
    0x080001f2   0x00000000   Code   RO          446    .ARM.Collect$$rtentry$$00000009  c_w.l(rtentry2.o)
    0x080001f2   0x00000004   Code   RO          447    .ARM.Collect$$rtentry$$0000000A  c_w.l(rtentry2.o)
    0x080001f6   0x00000000   Code   RO          449    .ARM.Collect$$rtentry$$0000000C  c_w.l(rtentry2.o)
    0x080001f6   0x00000008   Code   RO          450    .ARM.Collect$$rtentry$$0000000D  c_w.l(rtentry2.o)
    0x080001fe   0x00000002   Code   RO          471    .ARM.Collect$$rtexit$$00000000  c_w.l(rtexit.o)
    0x08000200   0x00000000   Code   RO          517    .ARM.Collect$$rtexit$$00000002  c_w.l(rtexit2.o)
    0x08000200   0x00000004   Code   RO          518    .ARM.Collect$$rtexit$$00000003  c_w.l(rtexit2.o)
    0x08000204   0x00000006   Code   RO          519    .ARM.Collect$$rtexit$$00000004  c_w.l(rtexit2.o)
    0x0800020a   0x00000002   PAD
    0x0800020c   0x00000048   Code   RO            4  * .text               startup_stm32f10x_hd.o
    0x08000254   0x0000030c   Code   RO           10    .text               key.o
    0x08000560   0x00000070   Code   RO          143    .text               delay_timer.o
    0x080005d0   0x000008c2   Code   RO          160    .text               j12864.o
    0x08000e92   0x00000002   PAD
    0x08000e94   0x000005ac   Code   RO          177    .text               display.o
    0x08001440   0x00000134   Code   RO          204    .text               timer.o
    0x08001574   0x00000310   Code   RO          219    .text               io_process.o
    0x08001884   0x000004a8   Code   RO          238    .text               tempra_ad.o
    0x08001d2c   0x000001c4   Code   RO          260    .text               stm32flash.o
    0x08001ef0   0x0000032c   Code   RO          279    .text               stm32f10x_gpio.o
    0x0800221c   0x000003a0   Code   RO          291    .text               stm32f10x_rcc.o
    0x080025bc   0x000000dc   Code   RO          305    .text               misc.o
    0x08002698   0x00000bc6   Code   RO          317    .text               stm32f10x_tim.o
    0x0800325e   0x00000002   PAD
    0x08003260   0x00000430   Code   RO          329    .text               stm32f10x_adc.o
    0x08003690   0x0000023c   Code   RO          341    .text               stm32f10x_dma.o
    0x080038cc   0x0000052c   Code   RO          353    .text               stm32f10x_flash.o
    0x08003df8   0x00000138   Code   RO          375    .text               system_stm32f10x.o
    0x08003f30   0x00000094   Code   RO          393    .text               main.o
    0x08003fc4   0x00000068   Code   RO          414    .text               stm32f10x_it.o
    0x0800402c   0x0000008a   Code   RO          434    .text               c_w.l(rt_memcpy_v6.o)
    0x080040b6   0x00000006   Code   RO          436    .text               c_w.l(heapauxi.o)
    0x080040bc   0x00000064   Code   RO          441    .text               c_w.l(rt_memcpy_w.o)
    0x08004120   0x0000004a   Code   RO          458    .text               c_w.l(sys_stackheap_outer.o)
    0x0800416a   0x0000000c   Code   RO          460    .text               c_w.l(exit.o)
    0x08004176   0x00000002   PAD
    0x08004178   0x00000008   Code   RO          468    .text               c_w.l(libspace.o)
    0x08004180   0x0000000c   Code   RO          527    .text               c_w.l(sys_exit.o)
    0x0800418c   0x00000002   Code   RO          538    .text               c_w.l(use_no_semi.o)
    0x0800418e   0x00000000   Code   RO          540    .text               c_w.l(indicate_semi.o)
    0x0800418e   0x000002a4   Data   RO          178    .conststring        display.o
    0x08004432   0x00000002   PAD
    0x08004434   0x00000020   Data   RO          592    Region$$Table       anon$$obj.o


    Execution Region ER_RW (Base: 0x20000000, Size: 0x000001f4, Max: 0xffffffff, ABSOLUTE, COMPRESSED[0x000000e4])

    Base Addr    Size         Type   Attr      Idx    E Section Name        Object

    0x20000000   0x00000024   Data   RW           11    .data               key.o
    0x20000024   0x00000004   Data   RW          144    .data               delay_timer.o
    0x20000028   0x00000020   Data   RW          161    .data               j12864.o
    0x20000048   0x00000156   Data   RW          179    .data               display.o
    0x2000019e   0x00000002   PAD
    0x200001a0   0x00000010   Data   RW          221    .data               io_process.o
    0x200001b0   0x00000008   Data   RW          240    .data               tempra_ad.o
    0x200001b8   0x00000018   Data   RW          262    .data               stm32flash.o
    0x200001d0   0x00000014   Data   RW          292    .data               stm32f10x_rcc.o
    0x200001e4   0x00000010   Data   RW          415    .data               stm32f10x_it.o


    Execution Region ER_ZI (Base: 0x200001f4, Size: 0x00001164, Max: 0xffffffff, ABSOLUTE)

    Base Addr    Size         Type   Attr      Idx    E Section Name        Object

    0x200001f4   0x0000001c   Zero   RW          220    .bss                io_process.o
    0x20000210   0x000006e4   Zero   RW          239    .bss                tempra_ad.o
    0x200008f4   0x00000800   Zero   RW          261    .bss                stm32flash.o
    0x200010f4   0x00000060   Zero   RW          469    .bss                c_w.l(libspace.o)
    0x20001154   0x00000004   PAD
    0x20001158   0x00000000   Zero   RW            2    HEAP                startup_stm32f10x_hd.o
    0x20001158   0x00000200   Zero   RW            1    STACK               startup_stm32f10x_hd.o


==============================================================================

Image component sizes


      Code (inc. data)   RO Data    RW Data    ZI Data      Debug   Object Name

       112         18          0          4          0        888   delay_timer.o
      1452         90        676        342          0       3463   display.o
       784         28          0         16         28       3177   io_process.o
      2242        100          0         32          0       6393   j12864.o
       780         28          0         36          0     230667   key.o
         0          0          0          0          0     262944   led.o
       148         16          0          0          0        479   main.o
       220         20          0          0          0       1641   misc.o
        72         26        304          0        512        836   startup_stm32f10x_hd.o
      1072         20          0          0          0      10581   stm32f10x_adc.o
       572         16          0          0          0       3363   stm32f10x_dma.o
      1324         34          0          0          0       6990   stm32f10x_flash.o
       812         18          0          0          0       5011   stm32f10x_gpio.o
       104         16          0         16          0       1627   stm32f10x_it.o
       928         44          0         20          0       8592   stm32f10x_rcc.o
      3014         16          0          0          0      23716   stm32f10x_tim.o
       452         24          0         24       2048       2713   stm32flash.o
       312         18          0          0          0       1073   system_stm32f10x.o
      1192         90          0          8       1764       2895   tempra_ad.o
       308          4          0          0          0       1017   timer.o

    ----------------------------------------------------------------------
     15904        626       1014        500       4352     578066   Object Totals
         0          0         32          0          0          0   (incl. Generated)
         4          0          2          2          0          0   (incl. Padding)

    ----------------------------------------------------------------------

      Code (inc. data)   RO Data    RW Data    ZI Data      Debug   Library Member Name

        90          0          0          0          0          0   __dczerorl2.o
         8          0          0          0          0         68   __main.o
        52          8          0          0          0          0   __scatter.o
        28          0          0          0          0          0   __scatter_zi.o
        12          0          0          0          0         72   exit.o
         6          0          0          0          0        152   heapauxi.o
         0          0          0          0          0          0   indicate_semi.o
         2          0          0          0          0          0   libinit.o
         2          0          0          0          0          0   libinit2.o
         2          0          0          0          0          0   libshutdown.o
         2          0          0          0          0          0   libshutdown2.o
         8          4          0          0         96         68   libspace.o
       138          0          0          0          0         68   rt_memcpy_v6.o
       100          0          0          0          0         80   rt_memcpy_w.o
         0          0          0          0          0          0   rtentry.o
        12          0          0          0          0          0   rtentry2.o
         6          0          0          0          0          0   rtentry4.o
         2          0          0          0          0          0   rtexit.o
        10          0          0          0          0          0   rtexit2.o
        12          4          0          0          0         68   sys_exit.o
        74          0          0          0          0         80   sys_stackheap_outer.o
         2          0          0          0          0         68   use_no_semi.o

    ----------------------------------------------------------------------
       574         16          0          0        100        724   Library Totals
         6          0          0          0          4          0   (incl. Padding)

    ----------------------------------------------------------------------

      Code (inc. data)   RO Data    RW Data    ZI Data      Debug   Library Name

       568         16          0          0         96        724   c_w.l

    ----------------------------------------------------------------------
       574         16          0          0        100        724   Library Totals

    ----------------------------------------------------------------------

==============================================================================


      Code (inc. data)   RO Data    RW Data    ZI Data      Debug   

     16478        642       1014        500       4452     576606   Grand Totals
     16478        642       1014        228       4452     576606   ELF Image Totals (compressed)
     16478        642       1014        228          0          0   ROM Totals

==============================================================================

    Total RO  Size (Code + RO Data)                17492 (  17.08kB)
    Total RW  Size (RW Data + ZI Data)              4952 (   4.84kB)
    Total ROM Size (Code + RO Data + RW Data)      17720 (  17.30kB)

==============================================================================

